33f80000 T _start
33f80020 t _undefined_instruction
33f80024 t _software_interrupt
33f80028 t _prefetch_abort
33f8002c t _data_abort
33f80030 t _not_used
33f80034 t _irq
33f80038 t _fiq
33f80040 t _TEXT_BASE
33f80044 T _armboot_start
33f80048 T _bss_start
33f8004c T _bss_end
33f80050 t start_code
33f8006c t relocate
33f8008c t copy_loop
33f8009c t stack_setup
33f800ac t clear_bss
33f800b8 t clbss_l
33f800cc t _start_armboot
33f800d0 t cpu_init_crit
33f80120 t undefined_instruction
33f80180 t software_interrupt
33f801e0 t prefetch_abort
33f80240 t data_abort
33f802a0 t not_used
33f80300 t irq
33f80360 t fiq
33f803c0 T __coloured_LED_init
33f803c0 W coloured_LED_init
33f803c4 T __red_LED_on
33f803c4 W red_LED_on
33f803c8 T __red_LED_off
33f803c8 W red_LED_off
33f803cc T __green_LED_on
33f803cc W green_LED_on
33f803d0 T __green_LED_off
33f803d0 W green_LED_off
33f803d4 T __yellow_LED_on
33f803d4 W yellow_LED_on
33f803d8 T __yellow_LED_off
33f803d8 W yellow_LED_off
33f803dc T __blue_LED_on
33f803dc W blue_LED_on
33f803e0 T __blue_LED_off
33f803e0 W blue_LED_off
33f803e4 T hang
33f803f4 t display_dram_config
33f80424 t display_banner
33f8044c t init_baudrate
33f804a8 T start_armboot
33f80620 T enable_interrupts
33f80624 T disable_interrupts
33f8062c T show_regs
33f8076c T bad_mode
33f80790 T do_irq
33f807b4 T do_fiq
33f807d8 T do_not_used
33f807fc T do_data_abort
33f80820 T do_prefetch_abort
33f80844 T do_software_interrupt
33f80868 T do_undefined_instruction
33f8088c W cpu_eth_init
33f8088c t __def_eth_init
33f80894 T eth_get_dev
33f808a4 T eth_get_dev_by_index
33f808e4 T eth_get_dev_index
33f80938 T eth_halt
33f8096c T eth_send
33f809a4 T eth_rx
33f809d4 T eth_get_name
33f809f4 T eth_get_dev_by_name
33f80a48 T eth_set_current
33f80b08 T eth_try_another
33f80bc4 T eth_register
33f80c60 T eth_setenv_enetaddr
33f80c98 T eth_parse_enetaddr
33f80d00 T eth_getenv_enetaddr
33f80d58 T eth_getenv_enetaddr_by_index
33f80da4 T eth_init
33f80e78 T eth_initialize
33f81068 t startAgainTimeout
33f8107c t startAgainHandler
33f81080 T NetSetHandler
33f81090 T NetCksumOk
33f810e8 T NetCksum
33f81130 T copy_filename
33f81188 T string_to_VLAN
33f811e4 T getenv_VLAN
33f811fc T string_to_ip
33f8127c T getenv_IPaddr
33f81294 T NetEthHdrSize
33f812d8 T VLAN_to_string
33f81324 T ip_to_string
33f8137c T random_port
33f813a0 T NetSetTimeout
33f813dc T NetSetIP
33f81510 T NetSetEther
33f815b8 T NetSendPacket
33f815bc T NetReceive
33f81b40 T ArpRequest
33f81c80 T NetSendUDPPacket
33f81df4 T NetStartAgain
33f81f20 T ArpTimeoutCheck
33f81fa4 T NetLoop
33f823f0 t basename
33f8242c t rpc_add_credentials
33f82524 t rpc_lookup_reply
33f82608 t nfs_mount_reply
33f826c4 t nfs_umountall_reply
33f82764 t nfs_lookup_reply
33f82810 t rpc_req
33f82948 t rpc_lookup_req
33f829c8 t nfs_mount_req
33f82a68 t nfs_umountall_req
33f82ac8 t nfs_lookup_req
33f82b7c t nfs_read_req
33f82c1c t nfs_readlink_req
33f82c74 t NfsSend
33f82d14 T NfsStart
33f82f7c t nfs_readlink_reply
33f8309c t nfs_read_reply
33f83210 t NfsHandler
33f83428 t NfsTimeout
33f8348c T RarpRequest
33f8359c t RarpHandler
33f83608 t RarpTimeout
33f8365c t TftpSend
33f83818 T TftpStart
33f83b08 t TftpTimeout
33f83b80 t TftpHandler
33f83eb0 T BootpRequest
33f840fc t BootpHandler
33f844f0 t BootpTimeout
33f84544 T _serial_getc
33f84560 T serial_getc
33f8457c T serial_putc
33f84584 T _serial_putc
33f845ac T _serial_tstc
33f845c0 T serial_tstc
33f845d0 T _serial_puts
33f84600 T serial_puts
33f84608 T _serial_setbrg
33f84630 T serial_init
33f8466c T serial_setbrg
33f84674 T do_bdinfo
33f84768 W do_go_exec
33f8478c T do_go
33f84804 T __board_lmb_reserve
33f84804 W board_lmb_reserve
33f84808 T __arch_lmb_reserve
33f84808 W arch_lmb_reserve
33f8480c T __arch_preboot_os
33f8480c W arch_preboot_os
33f84810 t do_imls
33f848d0 t image_info
33f849bc T do_iminfo
33f84a28 T do_bootd
33f84a4c t do_bootm_rtems
33f84a8c t do_bootm_qnxelf
33f84af0 t do_bootm_vxworks
33f84b54 t do_bootm_netbsd
33f84c8c t bootm_start
33f850a8 t bootm_load_os
33f85210 T do_bootm_subcommand
33f853e0 T do_bootm
33f8567c t on_off
33f856b8 T do_dcache
33f85738 T do_icache
33f857b8 T do_coninfo
33f85894 T mk_date
33f85b20 T do_date
33f85c44 T load_elf_image
33f85ce4 T valid_elf_image
33f85d58 T do_bootvx
33f85fe4 W do_bootelf_exec
33f8602c T do_bootelf
33f860c4 T flash_sect_roundb
33f8618c t flash_fill_sect_ranges
33f86348 T flash_sect_protect
33f8643c t addr_spec
33f86508 t abbrev_spec
33f8665c T do_protect
33f86908 T flash_sect_erase
33f869e4 T do_flerase
33f86b68 T do_flinfo
33f86bd4 t evalexp
33f86c20 T binary_test
33f86e24 T do_itest
33f86ec0 T ktrans
33f86ee0 T chk1
33f86f10 t bin_data_init
33f86f3c t bin_data_char
33f86f64 T k_data_init
33f86f94 T k_data_save
33f86fe0 T k_data_restore
33f8702c T k_data_char
33f870bc T send_pad
33f870f8 T s1_sendpacket
33f8712c T handle_send_packet
33f87368 T send_nack
33f873e8 T send_ack
33f87468 t load_serial_ymodem
33f875a4 t getcxmodem
33f875d0 T do_load_serial_bin
33f87b38 t load_serial
33f87d60 T do_load_serial
33f87e44 T do_mem_crc
33f87ef0 T do_mem_base
33f87f3c T do_mem_mtest
33f880ec T do_mem_loop
33f881e4 T do_mem_cmp
33f88384 T do_mem_mw
33f8844c T do_mem_cp
33f8856c t mod_mem
33f886e0 T do_mem_nm
33f88708 T do_mem_mm
33f88730 T do_mem_md
33f88824 T do_sleep
33f888ac t netboot_common
33f88bb8 T do_nfs
33f88bc4 T do_rarpb
33f88bd0 T do_tftpb
33f88bdc T do_bootp
33f88be8 T get_env_id
33f88bf8 T envmatch
33f88c58 T getenv_r
33f88d04 T do_saveenv
33f88d38 T getenv
33f88db4 T _do_setenv
33f89208 T do_setenv
33f89240 T setenv
33f89290 T do_editenv
33f892fc t printenv
33f893e4 T do_printenv
33f89478 T source
33f89640 T do_source
33f89684 T do_imgextract
33f898c0 T cmd_get_data_size
33f8992c T do_version
33f89954 T cmd_usage
33f899b4 T do_echo
33f89a30 T find_cmd_tbl
33f89ad0 T find_cmd
33f89af8 T _do_help
33f89c78 T do_help
33f89ccc t console_setfile
33f89d78 T fgetc
33f89da4 T ftstc
33f89dd0 T fputc
33f89e00 T fputs
33f89e30 T disable_ctrlc
33f89e48 T had_ctrlc
33f89e58 T clear_ctrlc
33f89e6c T dbg
33f89e78 T console_init_f
33f89e88 T search_device
33f89eb0 T console_assign
33f89ef0 T fprintf
33f89f30 T puts
33f89f4c T vprintf
33f89f78 T printf
33f89fb0 T stdio_print_current_devices
33f8a074 T console_init_r
33f8a160 T serial_printf
33f8a198 T putc
33f8a1b4 T tstc
33f8a1cc T getc
33f8a1e4 T ctrlc
33f8a244 T sbrk
33f8a28c T malloc_trim
33f8a3b0 T free
33f8a5f4 T cfree
33f8a5f8 T malloc
33f8ac68 T memalign
33f8ad84 T pvalloc
33f8ad9c T valloc
33f8ada8 T malloc_usable_size
33f8adec T mallopt
33f8ae60 T calloc
33f8af48 T mem_malloc_init
33f8af88 T realloc
33f8b404 T env_get_char_memory
33f8b424 T env_get_addr
33f8b444 T env_get_char
33f8b488 T env_crc_update
33f8b4b4 T set_default_env
33f8b4f8 T env_relocate
33f8b558 T env_get_char_spec
33f8b564 T env_relocate_spec
33f8b57c T saveenv
33f8b624 T env_init
33f8b688 t dummy
33f8b68c T get_version
33f8b694 T jumptable_init
33f8b778 T flash_protect
33f8b87c T addr2info
33f8b8c4 T flash_perror
33f8b98c T flash_write
33f8bb5c T image_multi_count
33f8bb80 T get_table_entry_name
33f8bba8 T genimg_get_os_name
33f8bbe4 T genimg_get_arch_name
33f8bc20 T genimg_get_type_name
33f8bc5c T genimg_get_comp_name
33f8bc98 T genimg_get_image
33f8bc9c T genimg_has_config
33f8bca4 T get_table_entry_id
33f8bcf4 T genimg_get_comp_id
33f8bd0c T genimg_get_type_id
33f8bd24 T genimg_get_arch_id
33f8bd3c T genimg_get_os_id
33f8bd54 T genimg_get_format
33f8bd88 t image_get_data_size
33f8bda8 T image_multi_getimg
33f8be68 T genimg_print_size
33f8be94 T memmove_wd
33f8be98 T getenv_bootm_size
33f8bed8 T getenv_bootm_low
33f8bf18 T getenv_yesno
33f8bf44 T image_print_contents
33f8c1ec T image_check_dcrc
33f8c238 T image_check_hcrc
33f8c2a0 T boot_get_ramdisk
33f8c518 T __show_boot_progress
33f8c518 W show_boot_progress
33f8c51c T parse_line
33f8c5a8 T run_command
33f8c9a8 T do_run
33f8ca28 t delete_char
33f8cb04 T readline_into_buffer
33f8cccc T readline
33f8cce4 T main_loop
33f8ce4c t hex2_bin
33f8ced4 T srec_decode
33f8d14c T stdio_get_list
33f8d158 T stdio_clone
33f8d1a8 T stdio_register
33f8d1ec T stdio_init
33f8d278 T stdio_get_by_name
33f8d2cc T parse_num
33f8d3f4 T xyzModem_error
33f8d490 T xyzModem_stream_close
33f8d4e4 T CYGACC_COMM_IF_PUTC
33f8d4ec T CYGACC_COMM_IF_GETC_TIMEOUT
33f8d540 T xyzModem_stream_terminate
33f8d600 t xyzModem_get_hdr
33f8d8c0 T xyzModem_stream_read
33f8db14 T xyzModem_stream_open
33f8dc70 T dram_init
33f8dc90 T board_eth_init
33f8dca0 T board_init
33f8dd98 t write_hword
33f8de88 T write_buff
33f8dffc T flash_print_info
33f8e114 T flash_erase
33f8e314 T flash_init
33f8e3f4 t _TEXT_BASE
33f8e3f8 T lowlevel_init
33f8e424 t SMRDATA
33f8e458 T cyg_crc16
33f8e4a0 T crc32
33f8e5b4 T crc32_wd
33f8e5b8 T print_size
33f8e680 T display_options
33f8e6a8 T print_buffer
33f8e808 T zunzip
33f8e8fc T gunzip
33f8e9cc T zfree
33f8e9d4 T zalloc
33f8e9e4 T lmb_dump_all
33f8e9e8 T lmb_init
33f8ea10 t lmb_add_region
33f8ebf0 T lmb_add
33f8ebf4 T lmb_free
33f8ed24 T lmb_reserve
33f8ed2c T lmb_overlaps_region
33f8ed80 T __lmb_alloc_base
33f8eec4 T lmb_is_reserved
33f8ef24 T lmb_alloc_base
33f8ef54 T lmb_alloc
33f8ef5c T strcpy
33f8ef78 T strncpy
33f8efa0 T strcat
33f8efd4 T strncat
33f8f038 T strcmp
33f8f070 T strncmp
33f8f0c0 T strchr
33f8f0ec T strrchr
33f8f134 T strlen
33f8f154 T strnlen
33f8f17c T strspn
33f8f1c0 T strpbrk
33f8f200 T strtok
33f8f2d8 T strsep
33f8f340 T strswab
33f8f38c T memset
33f8f404 T bcopy
33f8f430 T memcpy
33f8f4ac T memmove
33f8f508 T memcmp
33f8f548 T memscan
33f8f578 T strstr
33f8f5fc T memchr
33f8f62c T strdup
33f8f694 T simple_strtoul
33f8f74c T simple_strtol
33f8f780 T ustrtoul
33f8f7ec t put_dec_trunc
33f8f8c8 t put_dec
33f8f9e4 t number
33f8fbfc T panic
33f8fc4c t string
33f8fcfc T vsprintf
33f9034c T sprintf
33f9036c T inflate_fast
33f90844 T inflate_table
33f90df8 T inflateReset
33f90e98 T inflateInit2_
33f90fac T inflateInit_
33f90fbc T inflateEnd
33f9104c T adler32
33f9135c T zcfree
33f91364 T zcalloc
33f9136c T inflate
33f92b6c t get_PLLCLK
33f92bcc T get_UCLK
33f92bd4 T get_FCLK
33f92bdc T get_HCLK
33f92c10 T get_PCLK
33f92c44 T reset_timer
33f92c74 T set_timer
33f92c84 T udelay
33f92d54 T reset_timer_masked
33f92d84 T get_timer_masked
33f92e10 T get_timer
33f92e24 T udelay_masked
33f92f2c T get_ticks
33f92f94 T get_tbclk
33f92f9c T reset_cpu
33f92fbc T timer_init
33f93050 T do_bootm_linux
33f930e4 T flush_cache
33f930e8 T icache_enable
33f93128 T icache_disable
33f93168 T icache_status
33f93178 T dcache_enable
33f931b8 T dcache_disable
33f931f8 T dcache_status
33f93208 T do_reset
33f93240 T cs8900_halt
33f932b4 T cs8900_e2prom_read
33f93330 T cs8900_e2prom_write
33f93404 t cs8900_recv
33f934a4 t cs8900_reset
33f9355c t cs8900_send
33f9369c T cs8900_get_enetaddr
33f93780 T cs8900_initialize
33f93844 t cs8900_init
33f93988 T GregorianDay
33f93a7c T to_tm
33f93b90 T mktime
33f93c24 t bin2bcd
33f93c5c T rtc_get
33f93de8 T rtc_set
33f93e90 T rtc_reset
33f93eb4 T cleanup_before_linux
33f93edc T raise
33f93f00 T __aeabi_uidiv
33f93f00 T __udivsi3
33f93ffc T __aeabi_uidivmod
33f94014 T __aeabi_idiv
33f94014 T __divsi3
33f94140 T __aeabi_idivmod
33f94158 T __div0
33f9416c r C.28.2577
33f941ec r boot_os
33f94238 r baudrate_table
33f9424c r crc_table
33f9464c R z_errmsg
33f94674 r order.3169
33f9469a r lenfix
33f94e9a r distfix
33f94f1a r dext.2945
33f94f5a r dbase.2944
33f94f9a r lext.2943
33f94fd8 r lbase.2942
33f95018 r C.28.2617
33f95048 r crc16_tab
33f95248 R version_string
33f95280 R hex_asc
33f95291 r digits.2769
33f98fcc D init_sequence
33f98ff4 D NetBcastAddr
33f98ffa D NetOurVLAN
33f98ffc D NetOurNativeVLAN
33f99000 d nfs_offset
33f99004 D TftpRRQTimeoutMSecs
33f99008 D TftpRRQTimeoutCountMax
33f9900c d TftpBlkSizeOption
33f99010 d TftpTimeoutMSecs
33f99014 d TftpTimeoutCountMax
33f99018 d TftpBlkSize
33f9901c D load_addr
33f99020 D cmd_bootm_sub
33f990b0 D weekdays
33f990cc D op_table
33f99134 d do_echo
33f99138 D dp_last_length
33f9913c d env_id
33f99140 d trim_threshold
33f99144 d mmap_threshold
33f99148 d av_
33f99550 d sbrk_base
33f99554 D default_environment
33f995ac D env_name_spec
33f995b0 D env_ptr
33f995b4 d uimage_comp
33f995f0 d uimage_type
33f99674 d uimage_arch
33f99764 d uimage_os
33f997c4 d erase_seq
33f997c8 d tab_seq
33f997d4 D stdio_names
33f997e0 D _ctype
33f998e0 d month_days
33f99910 A __u_boot_cmd_start
33f99910 D __u_boot_cmd_bdinfo
33f99928 D __u_boot_cmd_go
33f99940 D __u_boot_cmd_reset
33f99958 D __u_boot_cmd_bootm
33f99970 D __u_boot_cmd_boot
33f99988 D __u_boot_cmd_bootd
33f999a0 D __u_boot_cmd_iminfo
33f999b8 D __u_boot_cmd_imls
33f999d0 D __u_boot_cmd_icache
33f999e8 D __u_boot_cmd_dcache
33f99a00 D __u_boot_cmd_coninfo
33f99a18 D __u_boot_cmd_date
33f99a30 D __u_boot_cmd_bootelf
33f99a48 D __u_boot_cmd_bootvx
33f99a60 D __u_boot_cmd_flinfo
33f99a78 D __u_boot_cmd_erase
33f99a90 D __u_boot_cmd_protect
33f99aa8 D __u_boot_cmd_itest
33f99ac0 D __u_boot_cmd_loads
33f99ad8 D __u_boot_cmd_loadb
33f99af0 D __u_boot_cmd_loady
33f99b08 D __u_boot_cmd_md
33f99b20 D __u_boot_cmd_mm
33f99b38 D __u_boot_cmd_nm
33f99b50 D __u_boot_cmd_mw
33f99b68 D __u_boot_cmd_cp
33f99b80 D __u_boot_cmd_cmp
33f99b98 D __u_boot_cmd_crc32
33f99bb0 D __u_boot_cmd_base
33f99bc8 D __u_boot_cmd_loop
33f99be0 D __u_boot_cmd_mtest
33f99bf8 D __u_boot_cmd_sleep
33f99c10 D __u_boot_cmd_bootp
33f99c28 D __u_boot_cmd_tftpboot
33f99c40 D __u_boot_cmd_rarpboot
33f99c58 D __u_boot_cmd_nfs
33f99c70 D __u_boot_cmd_saveenv
33f99c88 D __u_boot_cmd_editenv
33f99ca0 D __u_boot_cmd_printenv
33f99cb8 D __u_boot_cmd_setenv
33f99cd0 D __u_boot_cmd_run
33f99ce8 D __u_boot_cmd_source
33f99d00 D __u_boot_cmd_imxtract
33f99d18 D __u_boot_cmd_version
33f99d30 D __u_boot_cmd_echo
33f99d48 D __u_boot_cmd_help
33f99d60 D __u_boot_cmd_question_mark
33f99d78 A __bss_start
33f99d78 A __u_boot_cmd_end
33f99d78 B monitor_flash_len
33f99d7c b env_changed_id.3085
33f99d80 b act.3084
33f99d84 b first_failed.3068
33f99d88 b eth_devices
33f99d8c b eth_current
33f99d90 B NetOurSubnetMask
33f99d94 B NetOurGatewayIP
33f99d98 B NetOurDNSIP
33f99d9c B NetOurNISDomain
33f99dbc B NetOurHostName
33f99ddc B NetOurRootPath
33f99e1c B NetBootFileSize
33f99e1e B NetServerEther
33f99e24 B NetEtherNullAddr
33f99e2c B NetRestartWrap
33f99e30 B NetTxPacket
33f99e34 B NetBootFileXferSize
33f99e38 B NetOurEther
33f99e40 B NetOurIP
33f99e44 B NetServerIP
33f99e48 B NetRxPackets
33f99e58 B NetRxPacket
33f99e5c B NetRxPacketLen
33f99e60 B NetIPID
33f99e64 B NetState
33f99e68 B BootFile
33f99ee8 B PktBuf
33f9bd08 B NetArpWaitPacketIP
33f9bd0c B NetArpWaitReplyIP
33f9bd10 B NetArpWaitPacketMAC
33f9bd14 B NetArpWaitTxPacket
33f9bd18 B NetArpWaitTxPacketSize
33f9bd1c B NetArpWaitPacketBuf
33f9c33c B NetArpWaitTimerStart
33f9c340 B NetArpWaitTry
33f9c344 b NetRestarted
33f9c348 b NetDevExists
33f9c34c b env_changed_id.2994
33f9c350 b packetHandler
33f9c354 b timeHandler
33f9c358 b timeStart
33f9c35c b timeDelta
33f9c360 b NetTryCount
33f9c364 b rpc_id
33f9c368 b fs_mounted
33f9c36c b nfs_len
33f9c370 b dirfh
33f9c390 b filefh
33f9c3b0 b NfsDownloadState
33f9c3b4 b NfsServerIP
33f9c3b8 b NfsSrvMountPort
33f9c3bc b NfsSrvNfsPort
33f9c3c0 b NfsOurPort
33f9c3c4 b NfsTimeoutCount
33f9c3c8 b NfsState
33f9c3cc b default_filename
33f9c40c b nfs_filename
33f9c410 b nfs_path
33f9c414 b nfs_path_buff
33f9cc14 B RarpTry
33f9cc18 b TftpServerIP
33f9cc1c b TftpServerPort
33f9cc20 b TftpOurPort
33f9cc24 b TftpTimeoutCount
33f9cc28 b TftpBlock
33f9cc2c b TftpLastBlock
33f9cc30 b TftpBlockWrap
33f9cc34 b TftpBlockWrapOffset
33f9cc38 b TftpState
33f9cc3c b default_filename
33f9cc49 b tftp_filename
33f9cccc B BootpID
33f9ccd0 B BootpTry
33f9ccd4 b images
33f9ce00 B his_eol
33f9ce04 B his_pad_count
33f9ce08 B his_pad_char
33f9ce09 B his_quote
33f9ce0c B os_data_init
33f9ce10 B os_data_char
33f9ce14 B send_parms
33f9ce28 B send_ptr
33f9ce2c b a_b
33f9ce44 b os_data_state
33f9ce48 b os_data_state_saved
33f9ce4c b os_data_addr
33f9ce50 b os_data_addr_saved
33f9ce54 b bin_start_address
33f9ce58 b k_data_escape
33f9ce5c b k_data_escape_saved
33f9ce60 B dp_last_addr
33f9ce64 B dp_last_size
33f9ce68 B mm_last_addr
33f9ce6c B mm_last_size
33f9ce70 b base_address
33f9ce74 b ctrlc_was_pressed
33f9ce78 b ctrlc_disabled
33f9ce7c B mem_malloc_start
33f9ce80 B mem_malloc_end
33f9ce84 B mem_malloc_brk
33f9ce88 b top_pad
33f9ce8c b n_mmaps_max
33f9ce90 b current_mallinfo
33f9ceb8 b max_sbrked_mem
33f9cebc b max_total_mem
33f9cec0 B console_buffer
33f9cfc0 b lastcommand.2604
33f9d0c0 B stdio_devices
33f9d0cc b devs
33f9d108 b xyz
33f9d544 B flash_info
33f9d588 B ___strtok
33f9d58c B timer_load_val
33f9d590 b timer_clk
33f9d594 b timestamp
33f9d598 b lastdec
33f9d59c A _end
