Archive member included because of file (symbol)

lib_arm/libarm.a(board.o)     cpu/arm920t/start.o (start_armboot)
lib_arm/libarm.a(interrupts.o)
                              lib_arm/libarm.a(board.o) (enable_interrupts)
net/libnet.a(eth.o)           lib_arm/libarm.a(board.o) (eth_initialize)
net/libnet.a(net.o)           lib_arm/libarm.a(board.o) (copy_filename)
net/libnet.a(nfs.o)           net/libnet.a(net.o) (NfsStart)
net/libnet.a(rarp.o)          net/libnet.a(net.o) (RarpRequest)
net/libnet.a(tftp.o)          net/libnet.a(net.o) (TftpStart)
net/libnet.a(bootp.o)         net/libnet.a(net.o) (BootpRequest)
drivers/serial/libserial.a(serial_s3c24x0.o)
                              lib_arm/libarm.a(board.o) (serial_init)
common/libcommon.a(cmd_bdinfo.o)
                              (__u_boot_cmd_bdinfo)
common/libcommon.a(cmd_boot.o)
                              (__u_boot_cmd_go)
common/libcommon.a(cmd_bootm.o)
                              lib_arm/libarm.a(board.o) (load_addr)
common/libcommon.a(cmd_cache.o)
                              (__u_boot_cmd_icache)
common/libcommon.a(cmd_console.o)
                              (__u_boot_cmd_coninfo)
common/libcommon.a(cmd_date.o)
                              (__u_boot_cmd_date)
common/libcommon.a(cmd_elf.o)
                              common/libcommon.a(cmd_bootm.o) (do_bootvx)
common/libcommon.a(cmd_flash.o)
                              (__u_boot_cmd_flinfo)
common/libcommon.a(cmd_itest.o)
                              (__u_boot_cmd_itest)
common/libcommon.a(cmd_load.o)
                              (__u_boot_cmd_loads)
common/libcommon.a(cmd_mem.o)
                              (__u_boot_cmd_md)
common/libcommon.a(cmd_misc.o)
                              (__u_boot_cmd_sleep)
common/libcommon.a(cmd_net.o)
                              (__u_boot_cmd_bootp)
common/libcommon.a(cmd_nvedit.o)
                              net/libnet.a(eth.o) (get_env_id)
common/libcommon.a(cmd_source.o)
                              (__u_boot_cmd_source)
common/libcommon.a(cmd_ximg.o)
                              (__u_boot_cmd_imxtract)
common/libcommon.a(command.o)
                              common/libcommon.a(cmd_itest.o) (cmd_get_data_size)
common/libcommon.a(console.o)
                              lib_arm/libarm.a(board.o) (printf)
common/libcommon.a(dlmalloc.o)
                              common/libcommon.a(cmd_source.o) (free)
common/libcommon.a(env_common.o)
                              common/libcommon.a(cmd_nvedit.o) (env_get_addr)
common/libcommon.a(env_flash.o)
                              common/libcommon.a(env_common.o) (env_get_char_spec)
common/libcommon.a(exports.o)
                              lib_arm/libarm.a(board.o) (jumptable_init)
common/libcommon.a(flash.o)   common/libcommon.a(cmd_load.o) (addr2info)
common/libcommon.a(image.o)   common/libcommon.a(cmd_ximg.o) (image_multi_count)
common/libcommon.a(main.o)    common/libcommon.a(cmd_bootm.o) (run_command)
common/libcommon.a(s_record.o)
                              common/libcommon.a(cmd_load.o) (srec_decode)
common/libcommon.a(stdio.o)   common/libcommon.a(cmd_console.o) (stdio_get_list)
common/libcommon.a(xyzModem.o)
                              common/libcommon.a(cmd_load.o) (xyzModem_error)
board/samsung/DIY2440/libDIY2440.a(DIY2440.o)
                              lib_arm/libarm.a(board.o) (dram_init)
board/samsung/DIY2440/libDIY2440.a(flash.o)
                              common/libcommon.a(flash.o) (write_buff)
board/samsung/DIY2440/libDIY2440.a(lowlevel_init.o)
                              cpu/arm920t/start.o (lowlevel_init)
lib_generic/libgeneric.a(crc16.o)
                              common/libcommon.a(xyzModem.o) (cyg_crc16)
lib_generic/libgeneric.a(crc32.o)
                              common/libcommon.a(cmd_mem.o) (crc32)
lib_generic/libgeneric.a(display_options.o)
                              lib_arm/libarm.a(board.o) (print_size)
lib_generic/libgeneric.a(gunzip.o)
                              common/libcommon.a(cmd_bootm.o) (gunzip)
lib_generic/libgeneric.a(lmb.o)
                              common/libcommon.a(cmd_bootm.o) (lmb_init)
lib_generic/libgeneric.a(string.o)
                              net/libnet.a(net.o) (strcpy)
lib_generic/libgeneric.a(vsprintf.o)
                              lib_arm/libarm.a(board.o) (simple_strtoul)
lib_generic/libgeneric.a(zlib.o)
                              lib_generic/libgeneric.a(gunzip.o) (inflateInit2_)
lib_generic/libgeneric.a(ctype.o)
                              lib_generic/libgeneric.a(display_options.o) (_ctype)
cpu/arm920t/s3c24x0/libs3c24x0.a(speed.o)
                              drivers/serial/libserial.a(serial_s3c24x0.o) (get_PCLK)
cpu/arm920t/s3c24x0/libs3c24x0.a(timer.o)
                              common/libcommon.a(cmd_load.o) (udelay)
lib_arm/libarm.a(bootm.o)     common/libcommon.a(cmd_bootm.o) (do_bootm_linux)
lib_arm/libarm.a(cache.o)     common/libcommon.a(cmd_elf.o) (flush_cache)
[...]
Memory Configuration

Name             Origin             Length             Attributes
*default*        0x0000000000000000 0xffffffffffffffff

Linker script and memory map

                0x0000000000000000                . = 0x0
                0x0000000000000000                . = ALIGN (0x4)

.text           0x0000000033f80000    0x1416c
 cpu/arm920t/start.o(.text)
 .text          0x0000000033f80000      0x3c0 cpu/arm920t/start.o
                0x0000000033f80048                _bss_start
                0x0000000033f8004c                _bss_end
                0x0000000033f80044                _armboot_start
                0x0000000033f80000                _start
 *(.text)
 .text          0x0000000033f803c0      0x260 lib_arm/libarm.a(board.o)
                0x0000000033f803d8                __yellow_LED_off
                0x0000000033f803cc                green_LED_on
                0x0000000033f803e4                hang
                0x0000000033f803cc                __green_LED_on
                0x0000000033f803d4                __yellow_LED_on
                0x0000000033f803d4                yellow_LED_on
                0x0000000033f803d0                __green_LED_off
                0x0000000033f803c8                __red_LED_off
                0x0000000033f804a8                start_armboot
                0x0000000033f803e0                blue_LED_off
                0x0000000033f803c0                coloured_LED_init
                0x0000000033f803e0                __blue_LED_off
                0x0000000033f803dc                blue_LED_on
                0x0000000033f803d8                yellow_LED_off
                0x0000000033f803c8                red_LED_off
                0x0000000033f803d0                green_LED_off
                0x0000000033f803c0                __coloured_LED_init
                0x0000000033f803c4                red_LED_on
                0x0000000033f803dc                __blue_LED_on
                0x0000000033f803c4                __red_LED_on
 .text          0x0000000033f80620      0x26c lib_arm/libarm.a(interrupts.o)
                0x0000000033f807b4                do_fiq
                0x0000000033f80868                do_undefined_instruction
                0x0000000033f8062c                show_regs
                0x0000000033f80790                do_irq
                0x0000000033f8076c                bad_mode
                0x0000000033f80820                do_prefetch_abort
                0x0000000033f80624                disable_interrupts
                0x0000000033f807d8                do_not_used
                0x0000000033f807fc                do_data_abort
                0x0000000033f80844                do_software_interrupt
                0x0000000033f80620                enable_interrupts
 .text          0x0000000033f8088c      0x7dc net/libnet.a(eth.o)
                0x0000000033f809f4                eth_get_dev_by_name
                0x0000000033f80938                eth_halt
                0x0000000033f8088c                cpu_eth_init
                0x0000000033f80bc4                eth_register
                0x0000000033f80d00                eth_getenv_enetaddr
                0x0000000033f80894                eth_get_dev
                0x0000000033f80c98                eth_parse_enetaddr
                0x0000000033f80b08                eth_try_another
                0x0000000033f80d58                eth_getenv_enetaddr_by_index
                0x0000000033f80e78                eth_initialize
                0x0000000033f80a48                eth_set_current
                0x0000000033f809a4                eth_rx
                0x0000000033f808e4                eth_get_dev_index
                0x0000000033f80da4                eth_init
                0x0000000033f80c60                eth_setenv_enetaddr
                0x0000000033f809d4                eth_get_name
                0x0000000033f808a4                eth_get_dev_by_index
                0x0000000033f8096c                eth_send
 .text          0x0000000033f81068     0x1388 net/libnet.a(net.o)
                0x0000000033f8127c                getenv_IPaddr
                0x0000000033f81090                NetCksumOk
                0x0000000033f813a0                NetSetTimeout
                0x0000000033f81130                copy_filename
                0x0000000033f81294                NetEthHdrSize
                0x0000000033f81324                ip_to_string
                0x0000000033f81f20                ArpTimeoutCheck
                0x0000000033f815bc                NetReceive
                0x0000000033f811fc                string_to_ip
                0x0000000033f81c80                NetSendUDPPacket
                0x0000000033f81510                NetSetEther
                0x0000000033f81fa4                NetLoop
                0x0000000033f81b40                ArpRequest
                0x0000000033f8137c                random_port
                0x0000000033f812d8                VLAN_to_string
                0x0000000033f811e4                getenv_VLAN
                0x0000000033f810e8                NetCksum
                0x0000000033f813dc                NetSetIP
                0x0000000033f81188                string_to_VLAN
                0x0000000033f81df4                NetStartAgain
                0x0000000033f81080                NetSetHandler
                0x0000000033f815b8                NetSendPacket
 .text          0x0000000033f823f0     0x109c net/libnet.a(nfs.o)
                0x0000000033f82d14                NfsStart
 .text          0x0000000033f8348c      0x1d0 net/libnet.a(rarp.o)
                0x0000000033f8348c                RarpRequest
 .text          0x0000000033f8365c      0x854 net/libnet.a(tftp.o)
                0x0000000033f83818                TftpStart
 .text          0x0000000033f83eb0      0x694 net/libnet.a(bootp.o)
                0x0000000033f83eb0                BootpRequest
 .text          0x0000000033f84544      0x130 drivers/serial/libserial.a(serial_s3c24x0.o)
                0x0000000033f84608                _serial_setbrg
                0x0000000033f8466c                serial_setbrg
                0x0000000033f845ac                _serial_tstc
                0x0000000033f845c0                serial_tstc
                0x0000000033f8457c                serial_putc
                0x0000000033f845d0                _serial_puts
                0x0000000033f84630                serial_init
                0x0000000033f84600                serial_puts
                0x0000000033f84544                _serial_getc
                0x0000000033f84560                serial_getc
                0x0000000033f84584                _serial_putc
 .text          0x0000000033f84674       0xf4 common/libcommon.a(cmd_bdinfo.o)
                0x0000000033f84674                do_bdinfo
 .text          0x0000000033f84768       0x9c common/libcommon.a(cmd_boot.o)
                0x0000000033f8478c                do_go
                0x0000000033f84768                do_go_exec
 .text          0x0000000033f84804      0xe78 common/libcommon.a(cmd_bootm.o)
                0x0000000033f84808                arch_lmb_reserve
                0x0000000033f84a28                do_bootd
                0x0000000033f84808                __arch_lmb_reserve
                0x0000000033f8480c                arch_preboot_os
                0x0000000033f853e0                do_bootm
                0x0000000033f85210                do_bootm_subcommand
                0x0000000033f84804                board_lmb_reserve
                0x0000000033f84804                __board_lmb_reserve
                0x0000000033f8480c                __arch_preboot_os
                0x0000000033f849bc                do_iminfo
 .text          0x0000000033f8567c      0x13c common/libcommon.a(cmd_cache.o)
                0x0000000033f856b8                do_dcache
                0x0000000033f85738                do_icache
 .text          0x0000000033f857b8       0xdc common/libcommon.a(cmd_console.o)
                0x0000000033f857b8                do_coninfo
 .text          0x0000000033f85894      0x3b0 common/libcommon.a(cmd_date.o)
                0x0000000033f85b20                do_date
                0x0000000033f85894                mk_date
 .text          0x0000000033f85c44      0x480 common/libcommon.a(cmd_elf.o)
                0x0000000033f8602c                do_bootelf
                0x0000000033f85d58                do_bootvx
                0x0000000033f85ce4                valid_elf_image
                0x0000000033f85fe4                do_bootelf_exec
                0x0000000033f85c44                load_elf_image
 .text          0x0000000033f860c4      0xb10 common/libcommon.a(cmd_flash.o)
                0x0000000033f86b68                do_flinfo
                0x0000000033f86908                flash_sect_erase
                0x0000000033f8665c                do_protect
                0x0000000033f869e4                do_flerase
                0x0000000033f86348                flash_sect_protect
                0x0000000033f860c4                flash_sect_roundb
 .text          0x0000000033f86bd4      0x2ec common/libcommon.a(cmd_itest.o)
                0x0000000033f86c20                binary_test
                0x0000000033f86e24                do_itest
 .text          0x0000000033f86ec0      0xf84 common/libcommon.a(cmd_load.o)
                0x0000000033f86f64                k_data_init
                0x0000000033f870f8                s1_sendpacket
                0x0000000033f8712c                handle_send_packet
                0x0000000033f86fe0                k_data_restore
                0x0000000033f87368                send_nack
                0x0000000033f875d0                do_load_serial_bin
                0x0000000033f8702c                k_data_char
                0x0000000033f86ee0                chk1
                0x0000000033f86f94                k_data_save
                0x0000000033f86ec0                ktrans
                0x0000000033f870bc                send_pad
                0x0000000033f873e8                send_ack
                0x0000000033f87d60                do_load_serial
 .text          0x0000000033f87e44      0x9e0 common/libcommon.a(cmd_mem.o)
                0x0000000033f87ef0                do_mem_base
                0x0000000033f88384                do_mem_mw
                0x0000000033f87e44                do_mem_crc
                0x0000000033f886e0                do_mem_nm
                0x0000000033f88708                do_mem_mm
                0x0000000033f8844c                do_mem_cp
                0x0000000033f87f3c                do_mem_mtest
                0x0000000033f881e4                do_mem_cmp
                0x0000000033f880ec                do_mem_loop
                0x0000000033f88730                do_mem_md
 .text          0x0000000033f88824       0x88 common/libcommon.a(cmd_misc.o)
                0x0000000033f88824                do_sleep
 .text          0x0000000033f888ac      0x33c common/libcommon.a(cmd_net.o)
                0x0000000033f88bc4                do_rarpb
                0x0000000033f88bd0                do_tftpb
                0x0000000033f88bdc                do_bootp
                0x0000000033f88bb8                do_nfs
 .text          0x0000000033f88be8      0x890 common/libcommon.a(cmd_nvedit.o)
                0x0000000033f88d38                getenv
                0x0000000033f88db4                _do_setenv
                0x0000000033f88c58                getenv_r
                0x0000000033f893e4                do_printenv
                0x0000000033f89240                setenv
                0x0000000033f88be8                get_env_id
                0x0000000033f88d04                do_saveenv
                0x0000000033f89208                do_setenv
                0x0000000033f89290                do_editenv
                0x0000000033f88bf8                envmatch
 .text          0x0000000033f89478      0x20c common/libcommon.a(cmd_source.o)
                0x0000000033f89478                source
                0x0000000033f89640                do_source
 .text          0x0000000033f89684      0x23c common/libcommon.a(cmd_ximg.o)
                0x0000000033f89684                do_imgextract
 .text          0x0000000033f898c0      0x40c common/libcommon.a(command.o)
                0x0000000033f89a30                find_cmd_tbl
                0x0000000033f899b4                do_echo
                0x0000000033f89954                cmd_usage
                0x0000000033f89ad0                find_cmd
                0x0000000033f898c0                cmd_get_data_size
                0x0000000033f89af8                _do_help
                0x0000000033f89c78                do_help
                0x0000000033f8992c                do_version
 .text          0x0000000033f89ccc      0x578 common/libcommon.a(console.o)
                0x0000000033f8a074                console_init_r
                0x0000000033f89f78                printf
                0x0000000033f89eb0                console_assign
                0x0000000033f8a1cc                getc
                0x0000000033f89e88                search_device
                0x0000000033f89f30                puts
                0x0000000033f89e6c                dbg
                0x0000000033f8a160                serial_printf
                0x0000000033f89da4                ftstc
                0x0000000033f89ef0                fprintf
                0x0000000033f8a1b4                tstc
                0x0000000033f89f4c                vprintf
                0x0000000033f8a1e4                ctrlc
                0x0000000033f8a198                putc
                0x0000000033f89e30                disable_ctrlc
                0x0000000033f89d78                fgetc
                0x0000000033f89e48                had_ctrlc
                0x0000000033f89dd0                fputc
                0x0000000033f89e78                console_init_f
                0x0000000033f89e58                clear_ctrlc
                0x0000000033f89fb0                stdio_print_current_devices
                0x0000000033f89e00                fputs
 .text          0x0000000033f8a244     0x11c0 common/libcommon.a(dlmalloc.o)
                0x0000000033f8a5f8                malloc
                0x0000000033f8ad84                pvalloc
                0x0000000033f8ae60                calloc
                0x0000000033f8ada8                malloc_usable_size
                0x0000000033f8af48                mem_malloc_init
                0x0000000033f8af88                realloc
                0x0000000033f8a28c                malloc_trim
                0x0000000033f8a244                sbrk
                0x0000000033f8adec                mallopt
                0x0000000033f8ac68                memalign
                0x0000000033f8a5f4                cfree
                0x0000000033f8ad9c                valloc
                0x0000000033f8a3b0                free
 .text          0x0000000033f8b404      0x154 common/libcommon.a(env_common.o)
                0x0000000033f8b444                env_get_char
                0x0000000033f8b424                env_get_addr
                0x0000000033f8b4b4                set_default_env
                0x0000000033f8b4f8                env_relocate
                0x0000000033f8b488                env_crc_update
                0x0000000033f8b404                env_get_char_memory
 .text          0x0000000033f8b558      0x130 common/libcommon.a(env_flash.o)
                0x0000000033f8b564                env_relocate_spec
                0x0000000033f8b57c                saveenv
                0x0000000033f8b558                env_get_char_spec
                0x0000000033f8b624                env_init
 .text          0x0000000033f8b688       0xf0 common/libcommon.a(exports.o)
                0x0000000033f8b694                jumptable_init
                0x0000000033f8b68c                get_version
 .text          0x0000000033f8b778      0x3e4 common/libcommon.a(flash.o)
                0x0000000033f8b98c                flash_write
                0x0000000033f8b778                flash_protect
                0x0000000033f8b87c                addr2info
                0x0000000033f8b8c4                flash_perror
 .text          0x0000000033f8bb5c      0x9bc common/libcommon.a(image.o)
                0x0000000033f8be98                getenv_bootm_size
                0x0000000033f8bf44                image_print_contents
                0x0000000033f8bcf4                genimg_get_comp_id
                0x0000000033f8bd3c                genimg_get_os_id
                0x0000000033f8bb80                get_table_entry_name
                0x0000000033f8bc9c                genimg_has_config
                0x0000000033f8bd24                genimg_get_arch_id
                0x0000000033f8bbe4                genimg_get_arch_name
                0x0000000033f8c2a0                boot_get_ramdisk
                0x0000000033f8c238                image_check_hcrc
                0x0000000033f8bba8                genimg_get_os_name
                0x0000000033f8bc20                genimg_get_type_name
                0x0000000033f8bd54                genimg_get_format
                0x0000000033f8bc5c                genimg_get_comp_name
                0x0000000033f8c1ec                image_check_dcrc
                0x0000000033f8be68                genimg_print_size
                0x0000000033f8bed8                getenv_bootm_low
                0x0000000033f8bc98                genimg_get_image
                0x0000000033f8bd0c                genimg_get_type_id
                0x0000000033f8bb5c                image_multi_count
                0x0000000033f8be94                memmove_wd
                0x0000000033f8bca4                get_table_entry_id
                0x0000000033f8bda8                image_multi_getimg
                0x0000000033f8bf18                getenv_yesno
 .text          0x0000000033f8c518      0x934 common/libcommon.a(main.o)
                0x0000000033f8c518                __show_boot_progress
                0x0000000033f8c5a8                run_command
                0x0000000033f8c9a8                do_run
                0x0000000033f8c51c                parse_line
                0x0000000033f8cccc                readline
                0x0000000033f8c518                show_boot_progress
                0x0000000033f8cce4                main_loop
                0x0000000033f8cb04                readline_into_buffer
 .text          0x0000000033f8ce4c      0x300 common/libcommon.a(s_record.o)
                0x0000000033f8ced4                srec_decode
 .text          0x0000000033f8d14c      0x180 common/libcommon.a(stdio.o)
                0x0000000033f8d158                stdio_clone
                0x0000000033f8d14c                stdio_get_list
                0x0000000033f8d278                stdio_get_by_name
                0x0000000033f8d1ec                stdio_init
                0x0000000033f8d1a8                stdio_register
 .text          0x0000000033f8d2cc      0x9a4 common/libcommon.a(xyzModem.o)
                0x0000000033f8d3f4                xyzModem_error
                0x0000000033f8d490                xyzModem_stream_close
                0x0000000033f8d4ec                CYGACC_COMM_IF_GETC_TIMEOUT
                0x0000000033f8d2cc                parse_num
                0x0000000033f8d540                xyzModem_stream_terminate
                0x0000000033f8db14                xyzModem_stream_open
                0x0000000033f8d4e4                CYGACC_COMM_IF_PUTC
                0x0000000033f8d8c0                xyzModem_stream_read
 .text          0x0000000033f8dc70      0x128 board/samsung/DIY2440/libDIY2440.a(DIY2440.o)
                0x0000000033f8dc70                dram_init
                0x0000000033f8dc90                board_eth_init
                0x0000000033f8dca0                board_init
 .text          0x0000000033f8dd98      0x65c board/samsung/DIY2440/libDIY2440.a(flash.o)
                0x0000000033f8e114                flash_erase
                0x0000000033f8e314                flash_init
                0x0000000033f8dffc                flash_print_info
                0x0000000033f8de88                write_buff
 .text          0x0000000033f8e3f4       0x64 board/samsung/DIY2440/libDIY2440.a(lowlevel_init.o)
                0x0000000033f8e3f8                lowlevel_init
 .text          0x0000000033f8e458       0x48 lib_generic/libgeneric.a(crc16.o)
                0x0000000033f8e458                cyg_crc16
 .text          0x0000000033f8e4a0      0x118 lib_generic/libgeneric.a(crc32.o)
                0x0000000033f8e4a0                crc32
                0x0000000033f8e5b4                crc32_wd
 .text          0x0000000033f8e5b8      0x250 lib_generic/libgeneric.a(display_options.o)
                0x0000000033f8e6a8                print_buffer
                0x0000000033f8e680                display_options
                0x0000000033f8e5b8                print_size
 .text          0x0000000033f8e808      0x1dc lib_generic/libgeneric.a(gunzip.o)
                0x0000000033f8e8fc                gunzip
                0x0000000033f8e9cc                zfree
                0x0000000033f8e808                zunzip
                0x0000000033f8e9d4                zalloc
 .text          0x0000000033f8e9e4      0x578 lib_generic/libgeneric.a(lmb.o)
                0x0000000033f8ed2c                lmb_overlaps_region
                0x0000000033f8ebf0                lmb_add
                0x0000000033f8e9e4                lmb_dump_all
                0x0000000033f8ebf4                lmb_free
                0x0000000033f8ef24                lmb_alloc_base
                0x0000000033f8ef54                lmb_alloc
                0x0000000033f8ed80                __lmb_alloc_base
                0x0000000033f8e9e8                lmb_init
                0x0000000033f8eec4                lmb_is_reserved
                0x0000000033f8ed24                lmb_reserve
 .text          0x0000000033f8ef5c      0x738 lib_generic/libgeneric.a(string.o)
                0x0000000033f8ef5c                strcpy
                0x0000000033f8f548                memscan
                0x0000000033f8f4ac                memmove
                0x0000000033f8f430                memcpy
                0x0000000033f8f340                strswab
                0x0000000033f8f154                strnlen
                0x0000000033f8f0ec                strrchr
                0x0000000033f8efa0                strcat
                0x0000000033f8f5fc                memchr
                0x0000000033f8f578                strstr
                0x0000000033f8f070                strncmp
                0x0000000033f8ef78                strncpy
                0x0000000033f8f404                bcopy
                0x0000000033f8f200                strtok
                0x0000000033f8f508                memcmp
                0x0000000033f8efd4                strncat
                0x0000000033f8f62c                strdup
                0x0000000033f8f38c                memset
                0x0000000033f8f038                strcmp
                0x0000000033f8f2d8                strsep
                0x0000000033f8f17c                strspn
                0x0000000033f8f134                strlen
                0x0000000033f8f0c0                strchr
                0x0000000033f8f1c0                strpbrk
 .text          0x0000000033f8f694      0xcd8 lib_generic/libgeneric.a(vsprintf.o)
                0x0000000033f8fcfc                vsprintf
                0x0000000033f8f780                ustrtoul
                0x0000000033f8f74c                simple_strtol
                0x0000000033f8fbfc                panic
                0x0000000033f9034c                sprintf
                0x0000000033f8f694                simple_strtoul
 .text          0x0000000033f9036c     0x2800 lib_generic/libgeneric.a(zlib.o)
                0x0000000033f9136c                inflate
                0x0000000033f9036c                inflate_fast
                0x0000000033f90fac                inflateInit_
                0x0000000033f9104c                adler32
                0x0000000033f9135c                zcfree
                0x0000000033f90df8                inflateReset
                0x0000000033f91364                zcalloc
                0x0000000033f90fbc                inflateEnd
                0x0000000033f90e98                inflateInit2_
                0x0000000033f90844                inflate_table
 .text          0x0000000033f92b6c        0x0 lib_generic/libgeneric.a(ctype.o)
 .text          0x0000000033f92b6c       0xd8 cpu/arm920t/s3c24x0/libs3c24x0.a(speed.o)
                0x0000000033f92bdc                get_HCLK
                0x0000000033f92c10                get_PCLK
                0x0000000033f92bd4                get_FCLK
                0x0000000033f92bcc                get_UCLK
 .text          0x0000000033f92c44      0x40c cpu/arm920t/s3c24x0/libs3c24x0.a(timer.o)
                0x0000000033f92c74                set_timer
                0x0000000033f92c44                reset_timer
                0x0000000033f92f94                get_tbclk
                0x0000000033f92e10                get_timer
                0x0000000033f92d54                reset_timer_masked
                0x0000000033f92fbc                timer_init
                0x0000000033f92d84                get_timer_masked
                0x0000000033f92c84                udelay
                0x0000000033f92e24                udelay_masked
                0x0000000033f92f9c                reset_cpu
                0x0000000033f92f2c                get_ticks
 .text          0x0000000033f93050       0x94 lib_arm/libarm.a(bootm.o)
                0x0000000033f93050                do_bootm_linux
 .text          0x0000000033f930e4        0x4 lib_arm/libarm.a(cache.o)
                0x0000000033f930e4                flush_cache
 .text          0x0000000033f930e8      0x120 lib_arm/libarm.a(cache-cp15.o)
                0x0000000033f93178                dcache_enable
                0x0000000033f930e8                icache_enable
                0x0000000033f93128                icache_disable
                0x0000000033f931f8                dcache_status
                0x0000000033f93168                icache_status
                0x0000000033f931b8                dcache_disable
 .text          0x0000000033f93208       0x38 lib_arm/libarm.a(reset.o)
                0x0000000033f93208                do_reset
 .text          0x0000000033f93240      0x748 drivers/net/libnet.a(cs8900.o)
                0x0000000033f9369c                cs8900_get_enetaddr
                0x0000000033f93240                cs8900_halt
                0x0000000033f93780                cs8900_initialize
                0x0000000033f932b4                cs8900_e2prom_read
                0x0000000033f93330                cs8900_e2prom_write
 .text          0x0000000033f93988      0x29c drivers/rtc/librtc.a(date.o)
                0x0000000033f93988                GregorianDay
                0x0000000033f93b90                mktime
                0x0000000033f93a7c                to_tm
 .text          0x0000000033f93c24      0x290 drivers/rtc/librtc.a(s3c24x0_rtc.o)
                0x0000000033f93de8                rtc_set
                0x0000000033f93e90                rtc_reset
                0x0000000033f93c5c                rtc_get
 .text          0x0000000033f93eb4       0x28 cpu/arm920t/libarm920t.a(cpu.o)
                0x0000000033f93eb4                cleanup_before_linux
 .text          0x0000000033f93edc       0x24 /home/shift/U-boot/u-boot-2009.11/BUILD_DIR/lib_arm/eabi_compat.o
                0x0000000033f93edc                raise
 .text          0x0000000033f93f00      0x114 /home/shift/work/toolchain/arm-unknown-linux-gnueabi/lib/gcc/arm-unknown-linux-gnueabi/4.3.2/libgcc.a(_udivsi3.o)
                0x0000000033f93f00                __udivsi3
                0x0000000033f93f00                __aeabi_uidiv
                0x0000000033f93ffc                __aeabi_uidivmod
 .text          0x0000000033f94014      0x144 /home/shift/work/toolchain/arm-unknown-linux-gnueabi/lib/gcc/arm-unknown-linux-gnueabi/4.3.2/libgcc.a(_divsi3.o)
                0x0000000033f94014                __aeabi_idiv
                0x0000000033f94014                __divsi3
                0x0000000033f94140                __aeabi_idivmod
 .text          0x0000000033f94158       0x14 /home/shift/work/toolchain/arm-unknown-linux-gnueabi/lib/gcc/arm-unknown-linux-gnueabi/4.3.2/libgcc.a(_dvmd_lnx.o)
                0x0000000033f94158                __div0

.glue_7         0x0000000033f9416c        0x0
 .glue_7        0x0000000033f9416c        0x0 cpu/arm920t/start.o
 .glue_7        0x0000000033f9416c        0x0 lib_arm/libarm.a(board.o)
 .glue_7        0x0000000033f9416c        0x0 lib_arm/libarm.a(interrupts.o)
 .glue_7        0x0000000033f9416c        0x0 net/libnet.a(eth.o)
 .glue_7        0x0000000033f9416c        0x0 net/libnet.a(net.o)
 .glue_7        0x0000000033f9416c        0x0 net/libnet.a(nfs.o)
 .glue_7        0x0000000033f9416c        0x0 net/libnet.a(rarp.o)
 .glue_7        0x0000000033f9416c        0x0 net/libnet.a(tftp.o)
 .glue_7        0x0000000033f9416c        0x0 net/libnet.a(bootp.o)
 .glue_7        0x0000000033f9416c        0x0 drivers/serial/libserial.a(serial_s3c24x0.o)
 .glue_7        0x0000000033f9416c        0x0 common/libcommon.a(cmd_bdinfo.o)
 .glue_7        0x0000000033f9416c        0x0 common/libcommon.a(cmd_boot.o)
 .glue_7        0x0000000033f9416c        0x0 common/libcommon.a(cmd_bootm.o)
 .glue_7        0x0000000033f9416c        0x0 common/libcommon.a(cmd_cache.o)
 .glue_7        0x0000000033f9416c        0x0 common/libcommon.a(cmd_console.o)
 .glue_7        0x0000000033f9416c        0x0 common/libcommon.a(cmd_date.o)
 .glue_7        0x0000000033f9416c        0x0 common/libcommon.a(cmd_elf.o)
 .glue_7        0x0000000033f9416c        0x0 common/libcommon.a(cmd_flash.o)
 .glue_7        0x0000000033f9416c        0x0 common/libcommon.a(cmd_itest.o)
 .glue_7        0x0000000033f9416c        0x0 common/libcommon.a(cmd_load.o)
 .glue_7        0x0000000033f9416c        0x0 common/libcommon.a(cmd_mem.o)
 .glue_7        0x0000000033f9416c        0x0 common/libcommon.a(cmd_misc.o)
 .glue_7        0x0000000033f9416c        0x0 common/libcommon.a(cmd_net.o)
 .glue_7        0x0000000033f9416c        0x0 common/libcommon.a(cmd_nvedit.o)
 .glue_7        0x0000000033f9416c        0x0 common/libcommon.a(cmd_source.o)
 .glue_7        0x0000000033f9416c        0x0 common/libcommon.a(cmd_ximg.o)
 .glue_7        0x0000000033f9416c        0x0 common/libcommon.a(command.o)
 .glue_7        0x0000000033f9416c        0x0 common/libcommon.a(console.o)
 .glue_7        0x0000000033f9416c        0x0 common/libcommon.a(dlmalloc.o)
 .glue_7        0x0000000033f9416c        0x0 common/libcommon.a(env_common.o)
 .glue_7        0x0000000033f9416c        0x0 common/libcommon.a(env_flash.o)
 .glue_7        0x0000000033f9416c        0x0 common/libcommon.a(exports.o)
 .glue_7        0x0000000033f9416c        0x0 common/libcommon.a(flash.o)
 .glue_7        0x0000000033f9416c        0x0 common/libcommon.a(image.o)
 .glue_7        0x0000000033f9416c        0x0 common/libcommon.a(main.o)
 .glue_7        0x0000000033f9416c        0x0 common/libcommon.a(s_record.o)
 .glue_7        0x0000000033f9416c        0x0 common/libcommon.a(stdio.o)
 .glue_7        0x0000000033f9416c        0x0 common/libcommon.a(xyzModem.o)
 .glue_7        0x0000000033f9416c        0x0 board/samsung/DIY2440/libDIY2440.a(DIY2440.o)
 .glue_7        0x0000000033f9416c        0x0 board/samsung/DIY2440/libDIY2440.a(flash.o)
 .glue_7        0x0000000033f9416c        0x0 board/samsung/DIY2440/libDIY2440.a(lowlevel_init.o)
 .glue_7        0x0000000033f9416c        0x0 lib_generic/libgeneric.a(crc16.o)
 .glue_7        0x0000000033f9416c        0x0 lib_generic/libgeneric.a(crc32.o)
 .glue_7        0x0000000033f9416c        0x0 lib_generic/libgeneric.a(display_options.o)
 .glue_7        0x0000000033f9416c        0x0 lib_generic/libgeneric.a(gunzip.o)
 .glue_7        0x0000000033f9416c        0x0 lib_generic/libgeneric.a(lmb.o)
 .glue_7        0x0000000033f9416c        0x0 lib_generic/libgeneric.a(string.o)
 .glue_7        0x0000000033f9416c        0x0 lib_generic/libgeneric.a(vsprintf.o)
 .glue_7        0x0000000033f9416c        0x0 lib_generic/libgeneric.a(zlib.o)
 .glue_7        0x0000000033f9416c        0x0 lib_generic/libgeneric.a(ctype.o)
 .glue_7        0x0000000033f9416c        0x0 cpu/arm920t/s3c24x0/libs3c24x0.a(speed.o)
 .glue_7        0x0000000033f9416c        0x0 cpu/arm920t/s3c24x0/libs3c24x0.a(timer.o)
 .glue_7        0x0000000033f9416c        0x0 lib_arm/libarm.a(bootm.o)
 .glue_7        0x0000000033f9416c        0x0 lib_arm/libarm.a(cache.o)
 .glue_7        0x0000000033f9416c        0x0 lib_arm/libarm.a(cache-cp15.o)
 .glue_7        0x0000000033f9416c        0x0 lib_arm/libarm.a(reset.o)
 .glue_7        0x0000000033f9416c        0x0 drivers/net/libnet.a(cs8900.o)
 .glue_7        0x0000000033f9416c        0x0 drivers/rtc/librtc.a(date.o)
 .glue_7        0x0000000033f9416c        0x0 drivers/rtc/librtc.a(s3c24x0_rtc.o)
 .glue_7        0x0000000033f9416c        0x0 cpu/arm920t/libarm920t.a(cpu.o)
 .glue_7        0x0000000033f9416c        0x0 /home/shift/U-boot/u-boot-2009.11/BUILD_DIR/lib_arm/eabi_compat.o
 .glue_7        0x0000000033f9416c        0x0 /home/shift/work/toolchain/arm-unknown-linux-gnueabi/lib/gcc/arm-unknown-linux-gnueabi/4.3.2/libgcc.a(_udivsi3.o)
 .glue_7        0x0000000033f9416c        0x0 /home/shift/work/toolchain/arm-unknown-linux-gnueabi/lib/gcc/arm-unknown-linux-gnueabi/4.3.2/libgcc.a(_divsi3.o)
 .glue_7        0x0000000033f9416c        0x0 /home/shift/work/toolchain/arm-unknown-linux-gnueabi/lib/gcc/arm-unknown-linux-gnueabi/4.3.2/libgcc.a(_dvmd_lnx.o)

.glue_7t        0x0000000033f9416c        0x0
 .glue_7t       0x0000000033f9416c        0x0 cpu/arm920t/start.o
 .glue_7t       0x0000000033f9416c        0x0 lib_arm/libarm.a(board.o)
 .glue_7t       0x0000000033f9416c        0x0 lib_arm/libarm.a(interrupts.o)
 .glue_7t       0x0000000033f9416c        0x0 net/libnet.a(eth.o)
 .glue_7t       0x0000000033f9416c        0x0 net/libnet.a(net.o)
 .glue_7t       0x0000000033f9416c        0x0 net/libnet.a(nfs.o)
 .glue_7t       0x0000000033f9416c        0x0 net/libnet.a(rarp.o)
 .glue_7t       0x0000000033f9416c        0x0 net/libnet.a(tftp.o)
 .glue_7t       0x0000000033f9416c        0x0 net/libnet.a(bootp.o)
 .glue_7t       0x0000000033f9416c        0x0 drivers/serial/libserial.a(serial_s3c24x0.o)
 .glue_7t       0x0000000033f9416c        0x0 common/libcommon.a(cmd_bdinfo.o)
 .glue_7t       0x0000000033f9416c        0x0 common/libcommon.a(cmd_boot.o)
 .glue_7t       0x0000000033f9416c        0x0 common/libcommon.a(cmd_bootm.o)
 .glue_7t       0x0000000033f9416c        0x0 common/libcommon.a(cmd_cache.o)
 .glue_7t       0x0000000033f9416c        0x0 common/libcommon.a(cmd_console.o)
 .glue_7t       0x0000000033f9416c        0x0 common/libcommon.a(cmd_date.o)
 .glue_7t       0x0000000033f9416c        0x0 common/libcommon.a(cmd_elf.o)
 .glue_7t       0x0000000033f9416c        0x0 common/libcommon.a(cmd_flash.o)
 .glue_7t       0x0000000033f9416c        0x0 common/libcommon.a(cmd_itest.o)
 .glue_7t       0x0000000033f9416c        0x0 common/libcommon.a(cmd_load.o)
 .glue_7t       0x0000000033f9416c        0x0 common/libcommon.a(cmd_mem.o)
 .glue_7t       0x0000000033f9416c        0x0 common/libcommon.a(cmd_misc.o)
 .glue_7t       0x0000000033f9416c        0x0 common/libcommon.a(cmd_net.o)
 .glue_7t       0x0000000033f9416c        0x0 common/libcommon.a(cmd_nvedit.o)
 .glue_7t       0x0000000033f9416c        0x0 common/libcommon.a(cmd_source.o)
 .glue_7t       0x0000000033f9416c        0x0 common/libcommon.a(cmd_ximg.o)
 .glue_7t       0x0000000033f9416c        0x0 common/libcommon.a(command.o)
 .glue_7t       0x0000000033f9416c        0x0 common/libcommon.a(console.o)
 .glue_7t       0x0000000033f9416c        0x0 common/libcommon.a(dlmalloc.o)
 .glue_7t       0x0000000033f9416c        0x0 common/libcommon.a(env_common.o)
 .glue_7t       0x0000000033f9416c        0x0 common/libcommon.a(env_flash.o)
 .glue_7t       0x0000000033f9416c        0x0 common/libcommon.a(exports.o)
 .glue_7t       0x0000000033f9416c        0x0 common/libcommon.a(flash.o)
 .glue_7t       0x0000000033f9416c        0x0 common/libcommon.a(image.o)
 .glue_7t       0x0000000033f9416c        0x0 common/libcommon.a(main.o)
 .glue_7t       0x0000000033f9416c        0x0 common/libcommon.a(s_record.o)
 .glue_7t       0x0000000033f9416c        0x0 common/libcommon.a(stdio.o)
 .glue_7t       0x0000000033f9416c        0x0 common/libcommon.a(xyzModem.o)
 .glue_7t       0x0000000033f9416c        0x0 board/samsung/DIY2440/libDIY2440.a(DIY2440.o)
 .glue_7t       0x0000000033f9416c        0x0 board/samsung/DIY2440/libDIY2440.a(flash.o)
 .glue_7t       0x0000000033f9416c        0x0 board/samsung/DIY2440/libDIY2440.a(lowlevel_init.o)
 .glue_7t       0x0000000033f9416c        0x0 lib_generic/libgeneric.a(crc16.o)
 .glue_7t       0x0000000033f9416c        0x0 lib_generic/libgeneric.a(crc32.o)
 .glue_7t       0x0000000033f9416c        0x0 lib_generic/libgeneric.a(display_options.o)
 .glue_7t       0x0000000033f9416c        0x0 lib_generic/libgeneric.a(gunzip.o)
 .glue_7t       0x0000000033f9416c        0x0 lib_generic/libgeneric.a(lmb.o)
 .glue_7t       0x0000000033f9416c        0x0 lib_generic/libgeneric.a(string.o)
 .glue_7t       0x0000000033f9416c        0x0 lib_generic/libgeneric.a(vsprintf.o)
 .glue_7t       0x0000000033f9416c        0x0 lib_generic/libgeneric.a(zlib.o)
 .glue_7t       0x0000000033f9416c        0x0 lib_generic/libgeneric.a(ctype.o)
 .glue_7t       0x0000000033f9416c        0x0 cpu/arm920t/s3c24x0/libs3c24x0.a(speed.o)
 .glue_7t       0x0000000033f9416c        0x0 cpu/arm920t/s3c24x0/libs3c24x0.a(timer.o)
 .glue_7t       0x0000000033f9416c        0x0 lib_arm/libarm.a(bootm.o)
 .glue_7t       0x0000000033f9416c        0x0 lib_arm/libarm.a(cache.o)
 .glue_7t       0x0000000033f9416c        0x0 lib_arm/libarm.a(cache-cp15.o)
 .glue_7t       0x0000000033f9416c        0x0 lib_arm/libarm.a(reset.o)
 .glue_7t       0x0000000033f9416c        0x0 drivers/net/libnet.a(cs8900.o)
 .glue_7t       0x0000000033f9416c        0x0 drivers/rtc/librtc.a(date.o)
 .glue_7t       0x0000000033f9416c        0x0 drivers/rtc/librtc.a(s3c24x0_rtc.o)
 .glue_7t       0x0000000033f9416c        0x0 cpu/arm920t/libarm920t.a(cpu.o)
 .glue_7t       0x0000000033f9416c        0x0 /home/shift/U-boot/u-boot-2009.11/BUILD_DIR/lib_arm/eabi_compat.o
 .glue_7t       0x0000000033f9416c        0x0 /home/shift/work/toolchain/arm-unknown-linux-gnueabi/lib/gcc/arm-unknown-linux-gnueabi/4.3.2/libgcc.a(_udivsi3.o)
 .glue_7t       0x0000000033f9416c        0x0 /home/shift/work/toolchain/arm-unknown-linux-gnueabi/lib/gcc/arm-unknown-linux-gnueabi/4.3.2/libgcc.a(_divsi3.o)
 .glue_7t       0x0000000033f9416c        0x0 /home/shift/work/toolchain/arm-unknown-linux-gnueabi/lib/gcc/arm-unknown-linux-gnueabi/4.3.2/libgcc.a(_dvmd_lnx.o)

.vfp11_veneer   0x0000000033f9416c        0x0
 .vfp11_veneer  0x0000000033f9416c        0x0 cpu/arm920t/start.o
 .vfp11_veneer  0x0000000033f9416c        0x0 lib_arm/libarm.a(board.o)
 .vfp11_veneer  0x0000000033f9416c        0x0 lib_arm/libarm.a(interrupts.o)
 .vfp11_veneer  0x0000000033f9416c        0x0 net/libnet.a(eth.o)
 .vfp11_veneer  0x0000000033f9416c        0x0 net/libnet.a(net.o)
 .vfp11_veneer  0x0000000033f9416c        0x0 net/libnet.a(nfs.o)
 .vfp11_veneer  0x0000000033f9416c        0x0 net/libnet.a(rarp.o)
 .vfp11_veneer  0x0000000033f9416c        0x0 net/libnet.a(tftp.o)
 .vfp11_veneer  0x0000000033f9416c        0x0 net/libnet.a(bootp.o)
 .vfp11_veneer  0x0000000033f9416c        0x0 drivers/serial/libserial.a(serial_s3c24x0.o)
 .vfp11_veneer  0x0000000033f9416c        0x0 common/libcommon.a(cmd_bdinfo.o)
 .vfp11_veneer  0x0000000033f9416c        0x0 common/libcommon.a(cmd_boot.o)
 .vfp11_veneer  0x0000000033f9416c        0x0 common/libcommon.a(cmd_bootm.o)
 .vfp11_veneer  0x0000000033f9416c        0x0 common/libcommon.a(cmd_cache.o)
 .vfp11_veneer  0x0000000033f9416c        0x0 common/libcommon.a(cmd_console.o)
 .vfp11_veneer  0x0000000033f9416c        0x0 common/libcommon.a(cmd_date.o)
 .vfp11_veneer  0x0000000033f9416c        0x0 common/libcommon.a(cmd_elf.o)
 .vfp11_veneer  0x0000000033f9416c        0x0 common/libcommon.a(cmd_flash.o)
 .vfp11_veneer  0x0000000033f9416c        0x0 common/libcommon.a(cmd_itest.o)
 .vfp11_veneer  0x0000000033f9416c        0x0 common/libcommon.a(cmd_load.o)
 .vfp11_veneer  0x0000000033f9416c        0x0 common/libcommon.a(cmd_mem.o)
 .vfp11_veneer  0x0000000033f9416c        0x0 common/libcommon.a(cmd_misc.o)
 .vfp11_veneer  0x0000000033f9416c        0x0 common/libcommon.a(cmd_net.o)
 .vfp11_veneer  0x0000000033f9416c        0x0 common/libcommon.a(cmd_nvedit.o)
 .vfp11_veneer  0x0000000033f9416c        0x0 common/libcommon.a(cmd_source.o)
 .vfp11_veneer  0x0000000033f9416c        0x0 common/libcommon.a(cmd_ximg.o)
 .vfp11_veneer  0x0000000033f9416c        0x0 common/libcommon.a(command.o)
 .vfp11_veneer  0x0000000033f9416c        0x0 common/libcommon.a(console.o)
 .vfp11_veneer  0x0000000033f9416c        0x0 common/libcommon.a(dlmalloc.o)
 .vfp11_veneer  0x0000000033f9416c        0x0 common/libcommon.a(env_common.o)
 .vfp11_veneer  0x0000000033f9416c        0x0 common/libcommon.a(env_flash.o)
 .vfp11_veneer  0x0000000033f9416c        0x0 common/libcommon.a(exports.o)
 .vfp11_veneer  0x0000000033f9416c        0x0 common/libcommon.a(flash.o)
 .vfp11_veneer  0x0000000033f9416c        0x0 common/libcommon.a(image.o)
 .vfp11_veneer  0x0000000033f9416c        0x0 common/libcommon.a(main.o)
 .vfp11_veneer  0x0000000033f9416c        0x0 common/libcommon.a(s_record.o)
 .vfp11_veneer  0x0000000033f9416c        0x0 common/libcommon.a(stdio.o)
 .vfp11_veneer  0x0000000033f9416c        0x0 common/libcommon.a(xyzModem.o)
 .vfp11_veneer  0x0000000033f9416c        0x0 board/samsung/DIY2440/libDIY2440.a(DIY2440.o)
 .vfp11_veneer  0x0000000033f9416c        0x0 board/samsung/DIY2440/libDIY2440.a(flash.o)
 .vfp11_veneer  0x0000000033f9416c        0x0 board/samsung/DIY2440/libDIY2440.a(lowlevel_init.o)
 .vfp11_veneer  0x0000000033f9416c        0x0 lib_generic/libgeneric.a(crc16.o)
 .vfp11_veneer  0x0000000033f9416c        0x0 lib_generic/libgeneric.a(crc32.o)
 .vfp11_veneer  0x0000000033f9416c        0x0 lib_generic/libgeneric.a(display_options.o)
 .vfp11_veneer  0x0000000033f9416c        0x0 lib_generic/libgeneric.a(gunzip.o)
 .vfp11_veneer  0x0000000033f9416c        0x0 lib_generic/libgeneric.a(lmb.o)
 .vfp11_veneer  0x0000000033f9416c        0x0 lib_generic/libgeneric.a(string.o)
 .vfp11_veneer  0x0000000033f9416c        0x0 lib_generic/libgeneric.a(vsprintf.o)
 .vfp11_veneer  0x0000000033f9416c        0x0 lib_generic/libgeneric.a(zlib.o)
 .vfp11_veneer  0x0000000033f9416c        0x0 lib_generic/libgeneric.a(ctype.o)
 .vfp11_veneer  0x0000000033f9416c        0x0 cpu/arm920t/s3c24x0/libs3c24x0.a(speed.o)
 .vfp11_veneer  0x0000000033f9416c        0x0 cpu/arm920t/s3c24x0/libs3c24x0.a(timer.o)
 .vfp11_veneer  0x0000000033f9416c        0x0 lib_arm/libarm.a(bootm.o)
 .vfp11_veneer  0x0000000033f9416c        0x0 lib_arm/libarm.a(cache.o)
 .vfp11_veneer  0x0000000033f9416c        0x0 lib_arm/libarm.a(cache-cp15.o)
 .vfp11_veneer  0x0000000033f9416c        0x0 lib_arm/libarm.a(reset.o)
 .vfp11_veneer  0x0000000033f9416c        0x0 drivers/net/libnet.a(cs8900.o)
 .vfp11_veneer  0x0000000033f9416c        0x0 drivers/rtc/librtc.a(date.o)
 .vfp11_veneer  0x0000000033f9416c        0x0 drivers/rtc/librtc.a(s3c24x0_rtc.o)
 .vfp11_veneer  0x0000000033f9416c        0x0 cpu/arm920t/libarm920t.a(cpu.o)
 .vfp11_veneer  0x0000000033f9416c        0x0 /home/shift/U-boot/u-boot-2009.11/BUILD_DIR/lib_arm/eabi_compat.o
 .vfp11_veneer  0x0000000033f9416c        0x0 /home/shift/work/toolchain/arm-unknown-linux-gnueabi/lib/gcc/arm-unknown-linux-gnueabi/4.3.2/libgcc.a(_udivsi3.o)
 .vfp11_veneer  0x0000000033f9416c        0x0 /home/shift/work/toolchain/arm-unknown-linux-gnueabi/lib/gcc/arm-unknown-linux-gnueabi/4.3.2/libgcc.a(_divsi3.o)
 .vfp11_veneer  0x0000000033f9416c        0x0 /home/shift/work/toolchain/arm-unknown-linux-gnueabi/lib/gcc/arm-unknown-linux-gnueabi/4.3.2/libgcc.a(_dvmd_lnx.o)

.v4_bx          0x0000000033f9416c        0x0
 .v4_bx         0x0000000033f9416c        0x0 cpu/arm920t/start.o
 .v4_bx         0x0000000033f9416c        0x0 lib_arm/libarm.a(board.o)
 .v4_bx         0x0000000033f9416c        0x0 lib_arm/libarm.a(interrupts.o)
 .v4_bx         0x0000000033f9416c        0x0 net/libnet.a(eth.o)
 .v4_bx         0x0000000033f9416c        0x0 net/libnet.a(net.o)
 .v4_bx         0x0000000033f9416c        0x0 net/libnet.a(nfs.o)
 .v4_bx         0x0000000033f9416c        0x0 net/libnet.a(rarp.o)
 .v4_bx         0x0000000033f9416c        0x0 net/libnet.a(tftp.o)
 .v4_bx         0x0000000033f9416c        0x0 net/libnet.a(bootp.o)
 .v4_bx         0x0000000033f9416c        0x0 drivers/serial/libserial.a(serial_s3c24x0.o)
 .v4_bx         0x0000000033f9416c        0x0 common/libcommon.a(cmd_bdinfo.o)
 .v4_bx         0x0000000033f9416c        0x0 common/libcommon.a(cmd_boot.o)
 .v4_bx         0x0000000033f9416c        0x0 common/libcommon.a(cmd_bootm.o)
 .v4_bx         0x0000000033f9416c        0x0 common/libcommon.a(cmd_cache.o)
 .v4_bx         0x0000000033f9416c        0x0 common/libcommon.a(cmd_console.o)
 .v4_bx         0x0000000033f9416c        0x0 common/libcommon.a(cmd_date.o)
 .v4_bx         0x0000000033f9416c        0x0 common/libcommon.a(cmd_elf.o)
 .v4_bx         0x0000000033f9416c        0x0 common/libcommon.a(cmd_flash.o)
 .v4_bx         0x0000000033f9416c        0x0 common/libcommon.a(cmd_itest.o)
 .v4_bx         0x0000000033f9416c        0x0 common/libcommon.a(cmd_load.o)
 .v4_bx         0x0000000033f9416c        0x0 common/libcommon.a(cmd_mem.o)
 .v4_bx         0x0000000033f9416c        0x0 common/libcommon.a(cmd_misc.o)
 .v4_bx         0x0000000033f9416c        0x0 common/libcommon.a(cmd_net.o)
 .v4_bx         0x0000000033f9416c        0x0 common/libcommon.a(cmd_nvedit.o)
 .v4_bx         0x0000000033f9416c        0x0 common/libcommon.a(cmd_source.o)
 .v4_bx         0x0000000033f9416c        0x0 common/libcommon.a(cmd_ximg.o)
 .v4_bx         0x0000000033f9416c        0x0 common/libcommon.a(command.o)
 .v4_bx         0x0000000033f9416c        0x0 common/libcommon.a(console.o)
 .v4_bx         0x0000000033f9416c        0x0 common/libcommon.a(dlmalloc.o)
 .v4_bx         0x0000000033f9416c        0x0 common/libcommon.a(env_common.o)
 .v4_bx         0x0000000033f9416c        0x0 common/libcommon.a(env_flash.o)
 .v4_bx         0x0000000033f9416c        0x0 common/libcommon.a(exports.o)
 .v4_bx         0x0000000033f9416c        0x0 common/libcommon.a(flash.o)
 .v4_bx         0x0000000033f9416c        0x0 common/libcommon.a(image.o)
 .v4_bx         0x0000000033f9416c        0x0 common/libcommon.a(main.o)
 .v4_bx         0x0000000033f9416c        0x0 common/libcommon.a(s_record.o)
 .v4_bx         0x0000000033f9416c        0x0 common/libcommon.a(stdio.o)
 .v4_bx         0x0000000033f9416c        0x0 common/libcommon.a(xyzModem.o)
 .v4_bx         0x0000000033f9416c        0x0 board/samsung/DIY2440/libDIY2440.a(DIY2440.o)
 .v4_bx         0x0000000033f9416c        0x0 board/samsung/DIY2440/libDIY2440.a(flash.o)
 .v4_bx         0x0000000033f9416c        0x0 board/samsung/DIY2440/libDIY2440.a(lowlevel_init.o)
 .v4_bx         0x0000000033f9416c        0x0 lib_generic/libgeneric.a(crc16.o)
 .v4_bx         0x0000000033f9416c        0x0 lib_generic/libgeneric.a(crc32.o)
 .v4_bx         0x0000000033f9416c        0x0 lib_generic/libgeneric.a(display_options.o)
 .v4_bx         0x0000000033f9416c        0x0 lib_generic/libgeneric.a(gunzip.o)
 .v4_bx         0x0000000033f9416c        0x0 lib_generic/libgeneric.a(lmb.o)
 .v4_bx         0x0000000033f9416c        0x0 lib_generic/libgeneric.a(string.o)
 .v4_bx         0x0000000033f9416c        0x0 lib_generic/libgeneric.a(vsprintf.o)
 .v4_bx         0x0000000033f9416c        0x0 lib_generic/libgeneric.a(zlib.o)
 .v4_bx         0x0000000033f9416c        0x0 lib_generic/libgeneric.a(ctype.o)
 .v4_bx         0x0000000033f9416c        0x0 cpu/arm920t/s3c24x0/libs3c24x0.a(speed.o)
 .v4_bx         0x0000000033f9416c        0x0 cpu/arm920t/s3c24x0/libs3c24x0.a(timer.o)
 .v4_bx         0x0000000033f9416c        0x0 lib_arm/libarm.a(bootm.o)
 .v4_bx         0x0000000033f9416c        0x0 lib_arm/libarm.a(cache.o)
 .v4_bx         0x0000000033f9416c        0x0 lib_arm/libarm.a(cache-cp15.o)
 .v4_bx         0x0000000033f9416c        0x0 lib_arm/libarm.a(reset.o)
 .v4_bx         0x0000000033f9416c        0x0 drivers/net/libnet.a(cs8900.o)
 .v4_bx         0x0000000033f9416c        0x0 drivers/rtc/librtc.a(date.o)
 .v4_bx         0x0000000033f9416c        0x0 drivers/rtc/librtc.a(s3c24x0_rtc.o)
 .v4_bx         0x0000000033f9416c        0x0 cpu/arm920t/libarm920t.a(cpu.o)
 .v4_bx         0x0000000033f9416c        0x0 /home/shift/U-boot/u-boot-2009.11/BUILD_DIR/lib_arm/eabi_compat.o
 .v4_bx         0x0000000033f9416c        0x0 /home/shift/work/toolchain/arm-unknown-linux-gnueabi/lib/gcc/arm-unknown-linux-gnueabi/4.3.2/libgcc.a(_udivsi3.o)
 .v4_bx         0x0000000033f9416c        0x0 /home/shift/work/toolchain/arm-unknown-linux-gnueabi/lib/gcc/arm-unknown-linux-gnueabi/4.3.2/libgcc.a(_divsi3.o)
 .v4_bx         0x0000000033f9416c        0x0 /home/shift/work/toolchain/arm-unknown-linux-gnueabi/lib/gcc/arm-unknown-linux-gnueabi/4.3.2/libgcc.a(_dvmd_lnx.o)
                0x0000000033f9416c                . = ALIGN (0x4)

.rodata         0x0000000033f9416c     0x4e5f
 *(SORT(.rodata*))
 .rodata        0x0000000033f9416c       0x80 lib_arm/libarm.a(interrupts.o)
 .rodata        0x0000000033f941ec       0x4c common/libcommon.a(cmd_bootm.o)
 .rodata        0x0000000033f94238       0x14 common/libcommon.a(cmd_nvedit.o)
 .rodata        0x0000000033f9424c      0x400 lib_generic/libgeneric.a(crc32.o)
 .rodata        0x0000000033f9464c      0x9cc lib_generic/libgeneric.a(zlib.o)
                0x0000000033f9464c                z_errmsg
 .rodata        0x0000000033f95018       0x30 drivers/rtc/librtc.a(date.o)
 .rodata        0x0000000033f95048      0x200 lib_generic/libgeneric.a(crc16.o)
 .rodata        0x0000000033f95248       0x2a lib_arm/libarm.a(board.o)
                0x0000000033f95248                version_string
 .rodata        0x0000000033f95272        0x7 net/libnet.a(eth.o)
 .rodata        0x0000000033f95279        0x7 net/libnet.a(net.o)
 .rodata        0x0000000033f95280       0x21 lib_generic/libgeneric.a(vsprintf.o)
                0x0000000033f95280                hex_asc
 .rodata.str1.1
                0x0000000033f952a1       0x6b lib_arm/libarm.a(board.o)
                                         0x6d (size before relaxing)
 .rodata.str1.1
                0x0000000033f9530c      0x264 lib_arm/libarm.a(interrupts.o)
                                        0x27b (size before relaxing)
 .rodata.str1.1
                0x0000000033f95570       0xb0 net/libnet.a(eth.o)
                                         0xc7 (size before relaxing)
 .rodata.str1.1
                0x0000000033f95620      0x1d8 net/libnet.a(net.o)
                                        0x1e3 (size before relaxing)
 .rodata.str1.1
                0x0000000033f957f8      0x1a4 net/libnet.a(nfs.o)
                                        0x1a9 (size before relaxing)
 .rodata.str1.1
                0x0000000033f9599c       0x20 net/libnet.a(rarp.o)
                                         0x47 (size before relaxing)
 .rodata.str1.1
                0x0000000033f959bc      0x117 net/libnet.a(tftp.o)
                                        0x1f6 (size before relaxing)
 .rodata.str1.1
                0x0000000033f95ad3       0x70 net/libnet.a(bootp.o)
                                         0xad (size before relaxing)
 .rodata.str1.1
                0x0000000033f95b43       0xaa common/libcommon.a(cmd_bdinfo.o)
                                         0xb3 (size before relaxing)
 .rodata.str1.1
                0x0000000033f95bed       0xef common/libcommon.a(cmd_boot.o)
                                         0xf0 (size before relaxing)
 .rodata.str1.1
                0x0000000033f95cdc      0x86b common/libcommon.a(cmd_bootm.o)
                                        0x8c8 (size before relaxing)
 .rodata.str1.1
                0x0000000033f96547       0xdc common/libcommon.a(cmd_cache.o)
                                        0x107 (size before relaxing)
 .rodata.str1.1
                0x0000000033f96623       0x5c common/libcommon.a(cmd_console.o)
                                         0x61 (size before relaxing)
 .rodata.str1.1
                0x0000000033f9667f      0x175 common/libcommon.a(cmd_date.o)
                                        0x17b (size before relaxing)
 .rodata.str1.1
                0x0000000033f967f4      0x278 common/libcommon.a(cmd_elf.o)
                                        0x29a (size before relaxing)
 .rodata.str1.1
                0x0000000033f96a6c      0x723 common/libcommon.a(cmd_flash.o)
                                        0x730 (size before relaxing)
 .rodata.str1.1
                0x0000000033f9718f       0xb3 common/libcommon.a(cmd_itest.o)
                                         0xb5 (size before relaxing)
 .rodata.str1.1
                0x0000000033f97242      0x339 common/libcommon.a(cmd_load.o)
                                        0x353 (size before relaxing)
 .rodata.str1.1
                0x0000000033f9757b      0x498 common/libcommon.a(cmd_mem.o)
                                        0x4a9 (size before relaxing)
 .rodata.str1.1
                0x0000000033f97a13       0x5f common/libcommon.a(cmd_misc.o)
 .rodata.str1.1
                0x0000000033f97a72      0x13f common/libcommon.a(cmd_net.o)
                                        0x181 (size before relaxing)
 .rodata.str1.1
                0x0000000033f97bb1      0x33b common/libcommon.a(cmd_nvedit.o)
                                        0x39b (size before relaxing)
 .rodata.str1.1
                0x0000000033f97eec      0x101 common/libcommon.a(cmd_source.o)
                                        0x108 (size before relaxing)
 .rodata.str1.1
                0x0000000033f97fed      0x10e common/libcommon.a(cmd_ximg.o)
                                        0x19c (size before relaxing)
 .rodata.str1.1
                0x0000000033f980fb      0x252 common/libcommon.a(command.o)
                                        0x265 (size before relaxing)
 .rodata.str1.1
                0x0000000033f9834d       0x70 common/libcommon.a(console.o)
                                         0x74 (size before relaxing)
 .rodata.str1.1
                0x0000000033f983bd       0x33 common/libcommon.a(env_common.o)
 .rodata.str1.1
                0x0000000033f983f0       0x2c common/libcommon.a(env_flash.o)
                                         0x32 (size before relaxing)
 .rodata.str1.1
                0x0000000033f9841c      0x10c common/libcommon.a(flash.o)
 .rodata.str1.1
                0x0000000033f98528      0x46b common/libcommon.a(image.o)
                                        0x4ed (size before relaxing)
 .rodata.str1.1
                0x0000000033f98993       0xc5 common/libcommon.a(main.o)
                                         0xe9 (size before relaxing)
 .rodata.str1.1
                0x0000000033f98a58        0x7 common/libcommon.a(stdio.o)
                                         0x1b (size before relaxing)
 .rodata.str1.1
                0x0000000033f98a5f       0xe3 common/libcommon.a(xyzModem.o)
                                         0xe5 (size before relaxing)
 .rodata.str1.1
                0x0000000033f98b42       0xe1 board/samsung/DIY2440/libDIY2440.a(flash.o)
                                         0xe9 (size before relaxing)
 .rodata.str1.1
                0x0000000033f98c23       0x11 lib_generic/libgeneric.a(display_options.o)
                                         0x36 (size before relaxing)
 .rodata.str1.1
                0x0000000033f98c34       0x85 lib_generic/libgeneric.a(gunzip.o)
 .rodata.str1.1
                0x0000000033f98cb9       0x34 lib_generic/libgeneric.a(lmb.o)
 .rodata.str1.1
                0x0000000033f98ced        0xe lib_generic/libgeneric.a(vsprintf.o)
 .rodata.str1.1
                0x0000000033f98cfb      0x21c lib_generic/libgeneric.a(zlib.o)
                                        0x21d (size before relaxing)
 .rodata.str1.1
                0x0000000033f98f17       0x42 lib_arm/libarm.a(bootm.o)
 .rodata.str1.1
                0x0000000033f98f59        0xf lib_arm/libarm.a(reset.o)
 .rodata.str1.1
                0x0000000033f98f68       0x48 drivers/net/libnet.a(cs8900.o)
 .rodata.str1.1
                0x0000000033f98fb0       0x1b /home/shift/U-boot/u-boot-2009.11/BUILD_DIR/lib_arm/eabi_compat.o
                0x0000000033f98fcc                . = ALIGN (0x4)

.data           0x0000000033f98fcc      0x944
 *(.data)
 .data          0x0000000033f98fcc        0x0 cpu/arm920t/start.o
 .data          0x0000000033f98fcc       0x28 lib_arm/libarm.a(board.o)
                0x0000000033f98fcc                init_sequence
 .data          0x0000000033f98ff4        0x0 lib_arm/libarm.a(interrupts.o)
 .data          0x0000000033f98ff4        0x0 net/libnet.a(eth.o)
 .data          0x0000000033f98ff4        0xa net/libnet.a(net.o)
                0x0000000033f98ff4                NetBcastAddr
                0x0000000033f98ffc                NetOurNativeVLAN
                0x0000000033f98ffa                NetOurVLAN
 *fill*         0x0000000033f98ffe        0x2 00
 .data          0x0000000033f99000        0x4 net/libnet.a(nfs.o)
 .data          0x0000000033f99004        0x0 net/libnet.a(rarp.o)
 .data          0x0000000033f99004       0x18 net/libnet.a(tftp.o)
                0x0000000033f99004                TftpRRQTimeoutMSecs
                0x0000000033f99008                TftpRRQTimeoutCountMax
 .data          0x0000000033f9901c        0x0 net/libnet.a(bootp.o)
 .data          0x0000000033f9901c        0x0 drivers/serial/libserial.a(serial_s3c24x0.o)
 .data          0x0000000033f9901c        0x0 common/libcommon.a(cmd_bdinfo.o)
 .data          0x0000000033f9901c        0x0 common/libcommon.a(cmd_boot.o)
 .data          0x0000000033f9901c       0x94 common/libcommon.a(cmd_bootm.o)
                0x0000000033f9901c                load_addr
                0x0000000033f99020                cmd_bootm_sub
 .data          0x0000000033f990b0        0x0 common/libcommon.a(cmd_cache.o)
 .data          0x0000000033f990b0        0x0 common/libcommon.a(cmd_console.o)
 .data          0x0000000033f990b0       0x1c common/libcommon.a(cmd_date.o)
                0x0000000033f990b0                weekdays
 .data          0x0000000033f990cc        0x0 common/libcommon.a(cmd_elf.o)
 .data          0x0000000033f990cc        0x0 common/libcommon.a(cmd_flash.o)
 .data          0x0000000033f990cc       0x68 common/libcommon.a(cmd_itest.o)
                0x0000000033f990cc                op_table
 .data          0x0000000033f99134        0x4 common/libcommon.a(cmd_load.o)
 .data          0x0000000033f99138        0x4 common/libcommon.a(cmd_mem.o)
                0x0000000033f99138                dp_last_length
 .data          0x0000000033f9913c        0x0 common/libcommon.a(cmd_misc.o)
 .data          0x0000000033f9913c        0x0 common/libcommon.a(cmd_net.o)
 .data          0x0000000033f9913c        0x4 common/libcommon.a(cmd_nvedit.o)
 .data          0x0000000033f99140        0x0 common/libcommon.a(cmd_source.o)
 .data          0x0000000033f99140        0x0 common/libcommon.a(cmd_ximg.o)
 .data          0x0000000033f99140        0x0 common/libcommon.a(command.o)
 .data          0x0000000033f99140        0x0 common/libcommon.a(console.o)
 .data          0x0000000033f99140      0x414 common/libcommon.a(dlmalloc.o)
 .data          0x0000000033f99554       0x58 common/libcommon.a(env_common.o)
                0x0000000033f99554                default_environment
 .data          0x0000000033f995ac        0x8 common/libcommon.a(env_flash.o)
                0x0000000033f995ac                env_name_spec
                0x0000000033f995b0                env_ptr
 .data          0x0000000033f995b4        0x0 common/libcommon.a(exports.o)
 .data          0x0000000033f995b4        0x0 common/libcommon.a(flash.o)
 .data          0x0000000033f995b4      0x210 common/libcommon.a(image.o)
 .data          0x0000000033f997c4        0xd common/libcommon.a(main.o)
 .data          0x0000000033f997d1        0x0 common/libcommon.a(s_record.o)
 *fill*         0x0000000033f997d1        0x3 00
 .data          0x0000000033f997d4        0xc common/libcommon.a(stdio.o)
                0x0000000033f997d4                stdio_names
 .data          0x0000000033f997e0        0x0 common/libcommon.a(xyzModem.o)
 .data          0x0000000033f997e0        0x0 board/samsung/DIY2440/libDIY2440.a(DIY2440.o)
 .data          0x0000000033f997e0        0x0 board/samsung/DIY2440/libDIY2440.a(flash.o)
 .data          0x0000000033f997e0        0x0 board/samsung/DIY2440/libDIY2440.a(lowlevel_init.o)
 .data          0x0000000033f997e0        0x0 lib_generic/libgeneric.a(crc16.o)
 .data          0x0000000033f997e0        0x0 lib_generic/libgeneric.a(crc32.o)
 .data          0x0000000033f997e0        0x0 lib_generic/libgeneric.a(display_options.o)
 .data          0x0000000033f997e0        0x0 lib_generic/libgeneric.a(gunzip.o)
 .data          0x0000000033f997e0        0x0 lib_generic/libgeneric.a(lmb.o)
 .data          0x0000000033f997e0        0x0 lib_generic/libgeneric.a(string.o)
 .data          0x0000000033f997e0        0x0 lib_generic/libgeneric.a(vsprintf.o)
 .data          0x0000000033f997e0        0x0 lib_generic/libgeneric.a(zlib.o)
 .data          0x0000000033f997e0      0x100 lib_generic/libgeneric.a(ctype.o)
                0x0000000033f997e0                _ctype
 .data          0x0000000033f998e0        0x0 cpu/arm920t/s3c24x0/libs3c24x0.a(speed.o)
 .data          0x0000000033f998e0        0x0 cpu/arm920t/s3c24x0/libs3c24x0.a(timer.o)
 .data          0x0000000033f998e0        0x0 lib_arm/libarm.a(bootm.o)
 .data          0x0000000033f998e0        0x0 lib_arm/libarm.a(cache.o)
 .data          0x0000000033f998e0        0x0 lib_arm/libarm.a(cache-cp15.o)
 .data          0x0000000033f998e0        0x0 lib_arm/libarm.a(reset.o)
 .data          0x0000000033f998e0        0x0 drivers/net/libnet.a(cs8900.o)
 .data          0x0000000033f998e0       0x30 drivers/rtc/librtc.a(date.o)
 .data          0x0000000033f99910        0x0 drivers/rtc/librtc.a(s3c24x0_rtc.o)
 .data          0x0000000033f99910        0x0 cpu/arm920t/libarm920t.a(cpu.o)
 .data          0x0000000033f99910        0x0 /home/shift/U-boot/u-boot-2009.11/BUILD_DIR/lib_arm/eabi_compat.o
 .data          0x0000000033f99910        0x0 /home/shift/work/toolchain/arm-unknown-linux-gnueabi/lib/gcc/arm-unknown-linux-gnueabi/4.3.2/libgcc.a(_udivsi3.o)
 .data          0x0000000033f99910        0x0 /home/shift/work/toolchain/arm-unknown-linux-gnueabi/lib/gcc/arm-unknown-linux-gnueabi/4.3.2/libgcc.a(_divsi3.o)
 .data          0x0000000033f99910        0x0 /home/shift/work/toolchain/arm-unknown-linux-gnueabi/lib/gcc/arm-unknown-linux-gnueabi/4.3.2/libgcc.a(_dvmd_lnx.o)
                0x0000000033f99910                . = ALIGN (0x4)

.got
 *(.got)
                0x0000000033f99910                . = .
                0x0000000033f99910                __u_boot_cmd_start = .

.u_boot_cmd     0x0000000033f99910      0x468
 *(.u_boot_cmd)
 .u_boot_cmd    0x0000000033f99910       0x18 common/libcommon.a(cmd_bdinfo.o)
                0x0000000033f99910                __u_boot_cmd_bdinfo
 .u_boot_cmd    0x0000000033f99928       0x30 common/libcommon.a(cmd_boot.o)
                0x0000000033f99940                __u_boot_cmd_reset
                0x0000000033f99928                __u_boot_cmd_go
 .u_boot_cmd    0x0000000033f99958       0x78 common/libcommon.a(cmd_bootm.o)
                0x0000000033f99958                __u_boot_cmd_bootm
                0x0000000033f999a0                __u_boot_cmd_iminfo
                0x0000000033f99988                __u_boot_cmd_bootd
                0x0000000033f99970                __u_boot_cmd_boot
                0x0000000033f999b8                __u_boot_cmd_imls
 .u_boot_cmd    0x0000000033f999d0       0x30 common/libcommon.a(cmd_cache.o)
                0x0000000033f999e8                __u_boot_cmd_dcache
                0x0000000033f999d0                __u_boot_cmd_icache
 .u_boot_cmd    0x0000000033f99a00       0x18 common/libcommon.a(cmd_console.o)
                0x0000000033f99a00                __u_boot_cmd_coninfo
 .u_boot_cmd    0x0000000033f99a18       0x18 common/libcommon.a(cmd_date.o)
                0x0000000033f99a18                __u_boot_cmd_date
 .u_boot_cmd    0x0000000033f99a30       0x30 common/libcommon.a(cmd_elf.o)
                0x0000000033f99a48                __u_boot_cmd_bootvx
                0x0000000033f99a30                __u_boot_cmd_bootelf
 .u_boot_cmd    0x0000000033f99a60       0x48 common/libcommon.a(cmd_flash.o)
                0x0000000033f99a60                __u_boot_cmd_flinfo
                0x0000000033f99a78                __u_boot_cmd_erase
                0x0000000033f99a90                __u_boot_cmd_protect
 .u_boot_cmd    0x0000000033f99aa8       0x18 common/libcommon.a(cmd_itest.o)
                0x0000000033f99aa8                __u_boot_cmd_itest
 .u_boot_cmd    0x0000000033f99ac0       0x48 common/libcommon.a(cmd_load.o)
                0x0000000033f99af0                __u_boot_cmd_loady
                0x0000000033f99ad8                __u_boot_cmd_loadb
                0x0000000033f99ac0                __u_boot_cmd_loads
 .u_boot_cmd    0x0000000033f99b08       0xf0 common/libcommon.a(cmd_mem.o)
                0x0000000033f99b08                __u_boot_cmd_md
                0x0000000033f99b80                __u_boot_cmd_cmp
                0x0000000033f99b50                __u_boot_cmd_mw
                0x0000000033f99bc8                __u_boot_cmd_loop
                0x0000000033f99bb0                __u_boot_cmd_base
                0x0000000033f99b20                __u_boot_cmd_mm
                0x0000000033f99b98                __u_boot_cmd_crc32
                0x0000000033f99b38                __u_boot_cmd_nm
                0x0000000033f99be0                __u_boot_cmd_mtest
                0x0000000033f99b68                __u_boot_cmd_cp
 .u_boot_cmd    0x0000000033f99bf8       0x18 common/libcommon.a(cmd_misc.o)
                0x0000000033f99bf8                __u_boot_cmd_sleep
 .u_boot_cmd    0x0000000033f99c10       0x60 common/libcommon.a(cmd_net.o)
                0x0000000033f99c58                __u_boot_cmd_nfs
                0x0000000033f99c40                __u_boot_cmd_rarpboot
                0x0000000033f99c28                __u_boot_cmd_tftpboot
                0x0000000033f99c10                __u_boot_cmd_bootp
 .u_boot_cmd    0x0000000033f99c70       0x78 common/libcommon.a(cmd_nvedit.o)
                0x0000000033f99c88                __u_boot_cmd_editenv
                0x0000000033f99cd0                __u_boot_cmd_run
                0x0000000033f99c70                __u_boot_cmd_saveenv
                0x0000000033f99ca0                __u_boot_cmd_printenv
                0x0000000033f99cb8                __u_boot_cmd_setenv
 .u_boot_cmd    0x0000000033f99ce8       0x18 common/libcommon.a(cmd_source.o)
                0x0000000033f99ce8                __u_boot_cmd_source
 .u_boot_cmd    0x0000000033f99d00       0x18 common/libcommon.a(cmd_ximg.o)
                0x0000000033f99d00                __u_boot_cmd_imxtract
 .u_boot_cmd    0x0000000033f99d18       0x60 common/libcommon.a(command.o)
                0x0000000033f99d30                __u_boot_cmd_echo
                0x0000000033f99d60                __u_boot_cmd_question_mark
                0x0000000033f99d18                __u_boot_cmd_version
                0x0000000033f99d48                __u_boot_cmd_help
                0x0000000033f99d78                __u_boot_cmd_end = .
                0x0000000033f99d78                . = ALIGN (0x4)
                0x0000000033f99d78                __bss_start = .

.bss            0x0000000033f99d78     0x3824
 *(.bss)
 .bss           0x0000000033f99d78        0x0 cpu/arm920t/start.o
 .bss           0x0000000033f99d78        0x4 lib_arm/libarm.a(board.o)
                0x0000000033f99d78                monitor_flash_len
 .bss           0x0000000033f99d7c        0x0 lib_arm/libarm.a(interrupts.o)
 .bss           0x0000000033f99d7c       0x14 net/libnet.a(eth.o)
 .bss           0x0000000033f99d90     0x25d4 net/libnet.a(net.o)
                0x0000000033f9c340                NetArpWaitTry
                0x0000000033f9bd10                NetArpWaitPacketMAC
                0x0000000033f99e38                NetOurEther
                0x0000000033f99e40                NetOurIP
                0x0000000033f99e44                NetServerIP
                0x0000000033f9bd18                NetArpWaitTxPacketSize
                0x0000000033f9bd0c                NetArpWaitReplyIP
                0x0000000033f99e48                NetRxPackets
                0x0000000033f9bd14                NetArpWaitTxPacket
                0x0000000033f99d9c                NetOurNISDomain
                0x0000000033f9bd08                NetArpWaitPacketIP
                0x0000000033f99e64                NetState
                0x0000000033f99e68                BootFile
                0x0000000033f99e1e                NetServerEther
                0x0000000033f99d90                NetOurSubnetMask
                0x0000000033f99e1c                NetBootFileSize
                0x0000000033f99e60                NetIPID
                0x0000000033f99e58                NetRxPacket
                0x0000000033f99dbc                NetOurHostName
                0x0000000033f99d94                NetOurGatewayIP
                0x0000000033f99e24                NetEtherNullAddr
                0x0000000033f99e2c                NetRestartWrap
                0x0000000033f9bd1c                NetArpWaitPacketBuf
                0x0000000033f99e30                NetTxPacket
                0x0000000033f99e34                NetBootFileXferSize
                0x0000000033f99d98                NetOurDNSIP
                0x0000000033f99e5c                NetRxPacketLen
                0x0000000033f99ee8                PktBuf
                0x0000000033f99ddc                NetOurRootPath
                0x0000000033f9c33c                NetArpWaitTimerStart
 .bss           0x0000000033f9c364      0x8b0 net/libnet.a(nfs.o)
 .bss           0x0000000033f9cc14        0x4 net/libnet.a(rarp.o)
                0x0000000033f9cc14                RarpTry
 .bss           0x0000000033f9cc18       0xb4 net/libnet.a(tftp.o)
 .bss           0x0000000033f9cccc        0x8 net/libnet.a(bootp.o)
                0x0000000033f9ccd0                BootpTry
                0x0000000033f9cccc                BootpID
 .bss           0x0000000033f9ccd4        0x0 drivers/serial/libserial.a(serial_s3c24x0.o)
 .bss           0x0000000033f9ccd4        0x0 common/libcommon.a(cmd_bdinfo.o)
 .bss           0x0000000033f9ccd4        0x0 common/libcommon.a(cmd_boot.o)
 .bss           0x0000000033f9ccd4      0x12c common/libcommon.a(cmd_bootm.o)
 .bss           0x0000000033f9ce00        0x0 common/libcommon.a(cmd_cache.o)
 .bss           0x0000000033f9ce00        0x0 common/libcommon.a(cmd_console.o)
 .bss           0x0000000033f9ce00        0x0 common/libcommon.a(cmd_date.o)
 .bss           0x0000000033f9ce00        0x0 common/libcommon.a(cmd_elf.o)
 .bss           0x0000000033f9ce00        0x0 common/libcommon.a(cmd_flash.o)
 .bss           0x0000000033f9ce00        0x0 common/libcommon.a(cmd_itest.o)
 .bss           0x0000000033f9ce00       0x60 common/libcommon.a(cmd_load.o)
                0x0000000033f9ce08                his_pad_char
                0x0000000033f9ce0c                os_data_init
                0x0000000033f9ce28                send_ptr
                0x0000000033f9ce10                os_data_char
                0x0000000033f9ce00                his_eol
                0x0000000033f9ce09                his_quote
                0x0000000033f9ce14                send_parms
                0x0000000033f9ce04                his_pad_count
 .bss           0x0000000033f9ce60       0x14 common/libcommon.a(cmd_mem.o)
                0x0000000033f9ce64                dp_last_size
                0x0000000033f9ce60                dp_last_addr
                0x0000000033f9ce6c                mm_last_size
                0x0000000033f9ce68                mm_last_addr
 .bss           0x0000000033f9ce74        0x0 common/libcommon.a(cmd_misc.o)
 .bss           0x0000000033f9ce74        0x0 common/libcommon.a(cmd_net.o)
 .bss           0x0000000033f9ce74        0x0 common/libcommon.a(cmd_nvedit.o)
 .bss           0x0000000033f9ce74        0x0 common/libcommon.a(cmd_source.o)
 .bss           0x0000000033f9ce74        0x0 common/libcommon.a(cmd_ximg.o)
 .bss           0x0000000033f9ce74        0x0 common/libcommon.a(command.o)
 .bss           0x0000000033f9ce74        0x8 common/libcommon.a(console.o)
 .bss           0x0000000033f9ce7c       0x44 common/libcommon.a(dlmalloc.o)
                0x0000000033f9ce80                mem_malloc_end
                0x0000000033f9ce7c                mem_malloc_start
                0x0000000033f9ce84                mem_malloc_brk
 .bss           0x0000000033f9cec0        0x0 common/libcommon.a(env_common.o)
 .bss           0x0000000033f9cec0        0x0 common/libcommon.a(env_flash.o)
 .bss           0x0000000033f9cec0        0x0 common/libcommon.a(exports.o)
 .bss           0x0000000033f9cec0        0x0 common/libcommon.a(flash.o)
 .bss           0x0000000033f9cec0        0x0 common/libcommon.a(image.o)
 .bss           0x0000000033f9cec0      0x200 common/libcommon.a(main.o)
                0x0000000033f9cec0                console_buffer
 .bss           0x0000000033f9d0c0        0x0 common/libcommon.a(s_record.o)
 .bss           0x0000000033f9d0c0       0x48 common/libcommon.a(stdio.o)
                0x0000000033f9d0c0                stdio_devices
 .bss           0x0000000033f9d108      0x43c common/libcommon.a(xyzModem.o)
 .bss           0x0000000033f9d544        0x0 board/samsung/DIY2440/libDIY2440.a(DIY2440.o)
 .bss           0x0000000033f9d544       0x44 board/samsung/DIY2440/libDIY2440.a(flash.o)
                0x0000000033f9d544                flash_info
 .bss           0x0000000033f9d588        0x0 board/samsung/DIY2440/libDIY2440.a(lowlevel_init.o)
 .bss           0x0000000033f9d588        0x0 lib_generic/libgeneric.a(crc16.o)
 .bss           0x0000000033f9d588        0x0 lib_generic/libgeneric.a(crc32.o)
 .bss           0x0000000033f9d588        0x0 lib_generic/libgeneric.a(display_options.o)
 .bss           0x0000000033f9d588        0x0 lib_generic/libgeneric.a(gunzip.o)
 .bss           0x0000000033f9d588        0x0 lib_generic/libgeneric.a(lmb.o)
 .bss           0x0000000033f9d588        0x4 lib_generic/libgeneric.a(string.o)
                0x0000000033f9d588                ___strtok
 .bss           0x0000000033f9d58c        0x0 lib_generic/libgeneric.a(vsprintf.o)
 .bss           0x0000000033f9d58c        0x0 lib_generic/libgeneric.a(zlib.o)
 .bss           0x0000000033f9d58c        0x0 lib_generic/libgeneric.a(ctype.o)
 .bss           0x0000000033f9d58c        0x0 cpu/arm920t/s3c24x0/libs3c24x0.a(speed.o)
 .bss           0x0000000033f9d58c       0x10 cpu/arm920t/s3c24x0/libs3c24x0.a(timer.o)
                0x0000000033f9d58c                timer_load_val
 .bss           0x0000000033f9d59c        0x0 lib_arm/libarm.a(bootm.o)
 .bss           0x0000000033f9d59c        0x0 lib_arm/libarm.a(cache.o)
 .bss           0x0000000033f9d59c        0x0 lib_arm/libarm.a(cache-cp15.o)
 .bss           0x0000000033f9d59c        0x0 lib_arm/libarm.a(reset.o)
 .bss           0x0000000033f9d59c        0x0 drivers/net/libnet.a(cs8900.o)
 .bss           0x0000000033f9d59c        0x0 drivers/rtc/librtc.a(date.o)
 .bss           0x0000000033f9d59c        0x0 drivers/rtc/librtc.a(s3c24x0_rtc.o)
 .bss           0x0000000033f9d59c        0x0 cpu/arm920t/libarm920t.a(cpu.o)
 .bss           0x0000000033f9d59c        0x0 /home/shift/U-boot/u-boot-2009.11/BUILD_DIR/lib_arm/eabi_compat.o
 .bss           0x0000000033f9d59c        0x0 /home/shift/work/toolchain/arm-unknown-linux-gnueabi/lib/gcc/arm-unknown-linux-gnueabi/4.3.2/libgcc.a(_udivsi3.o)
 .bss           0x0000000033f9d59c        0x0 /home/shift/work/toolchain/arm-unknown-linux-gnueabi/lib/gcc/arm-unknown-linux-gnueabi/4.3.2/libgcc.a(_divsi3.o)
 .bss           0x0000000033f9d59c        0x0 /home/shift/work/toolchain/arm-unknown-linux-gnueabi/lib/gcc/arm-unknown-linux-gnueabi/4.3.2/libgcc.a(_dvmd_lnx.o)
                0x0000000033f9d59c                . = ALIGN (0x4)
                0x0000000033f9d59c                _end = .
Address of section .text set to 0x33f80000
LOAD cpu/arm920t/start.o
START GROUP
LOAD lib_generic/libgeneric.a
LOAD lib_generic/lzma/liblzma.a
LOAD lib_generic/lzo/liblzo.a
LOAD cpu/arm920t/libarm920t.a
LOAD cpu/arm920t/s3c24x0/libs3c24x0.a
LOAD lib_arm/libarm.a
LOAD fs/cramfs/libcramfs.a
LOAD fs/fat/libfat.a
LOAD fs/fdos/libfdos.a
LOAD fs/jffs2/libjffs2.a
LOAD fs/reiserfs/libreiserfs.a
LOAD fs/ext2/libext2fs.a
LOAD fs/yaffs2/libyaffs2.a
LOAD fs/ubifs/libubifs.a
LOAD net/libnet.a
LOAD disk/libdisk.a
LOAD drivers/bios_emulator/libatibiosemu.a
LOAD drivers/block/libblock.a
LOAD drivers/dma/libdma.a
LOAD drivers/fpga/libfpga.a
LOAD drivers/gpio/libgpio.a
LOAD drivers/hwmon/libhwmon.a
LOAD drivers/i2c/libi2c.a
LOAD drivers/input/libinput.a
LOAD drivers/misc/libmisc.a
LOAD drivers/mmc/libmmc.a
LOAD drivers/mtd/libmtd.a
LOAD drivers/mtd/nand/libnand.a
LOAD drivers/mtd/onenand/libonenand.a
LOAD drivers/mtd/ubi/libubi.a
LOAD drivers/mtd/spi/libspi_flash.a
LOAD drivers/net/libnet.a
LOAD drivers/net/phy/libphy.a
LOAD drivers/net/sk98lin/libsk98lin.a
LOAD drivers/pci/libpci.a
LOAD drivers/pcmcia/libpcmcia.a
LOAD drivers/power/libpower.a
LOAD drivers/spi/libspi.a
LOAD drivers/rtc/librtc.a
LOAD drivers/serial/libserial.a
LOAD drivers/twserial/libtws.a
LOAD drivers/usb/gadget/libusb_gadget.a
LOAD drivers/usb/host/libusb_host.a
LOAD drivers/usb/musb/libusb_musb.a
LOAD drivers/video/libvideo.a
LOAD drivers/watchdog/libwatchdog.a
LOAD common/libcommon.a
LOAD libfdt/libfdt.a
LOAD api/libapi.a
LOAD post/libpost.a
LOAD board/samsung/DIY2440/libDIY2440.a
END GROUP
LOAD /home/shift/U-boot/u-boot-2009.11/BUILD_DIR/lib_arm/eabi_compat.o
LOAD /home/shift/work/toolchain/arm-unknown-linux-gnueabi/lib/gcc/arm-unknown-linux-gnueabi/4.3.2/libgcc.a
OUTPUT(u-boot elf32-littlearm)

.ARM.attributes
                0x0000000000000000       0x26
 .ARM.attributes
                0x0000000000000000       0x17 cpu/arm920t/start.o
 .ARM.attributes
                0x0000000000000017       0x27 lib_arm/libarm.a(board.o)
 .ARM.attributes
                0x000000000000003e       0x27 lib_arm/libarm.a(interrupts.o)
 .ARM.attributes
                0x0000000000000065       0x27 net/libnet.a(eth.o)
 .ARM.attributes
                0x000000000000008c       0x27 net/libnet.a(net.o)
 .ARM.attributes
                0x00000000000000b3       0x27 net/libnet.a(nfs.o)
 .ARM.attributes
                0x00000000000000da       0x27 net/libnet.a(rarp.o)
 .ARM.attributes
                0x0000000000000101       0x27 net/libnet.a(tftp.o)
 .ARM.attributes
                0x0000000000000128       0x27 net/libnet.a(bootp.o)
 .ARM.attributes
                0x000000000000014f       0x27 drivers/serial/libserial.a(serial_s3c24x0.o)
 .ARM.attributes
                0x0000000000000176       0x27 common/libcommon.a(cmd_bdinfo.o)
 .ARM.attributes
                0x000000000000019d       0x27 common/libcommon.a(cmd_boot.o)
 .ARM.attributes
                0x00000000000001c4       0x27 common/libcommon.a(cmd_bootm.o)
 .ARM.attributes
                0x00000000000001eb       0x27 common/libcommon.a(cmd_cache.o)
 .ARM.attributes
                0x0000000000000212       0x27 common/libcommon.a(cmd_console.o)
 .ARM.attributes
                0x0000000000000239       0x27 common/libcommon.a(cmd_date.o)
 .ARM.attributes
                0x0000000000000260       0x27 common/libcommon.a(cmd_elf.o)
 .ARM.attributes
                0x0000000000000287       0x27 common/libcommon.a(cmd_flash.o)
 .ARM.attributes
                0x00000000000002ae       0x27 common/libcommon.a(cmd_itest.o)
 .ARM.attributes
                0x00000000000002d5       0x27 common/libcommon.a(cmd_load.o)
 .ARM.attributes
                0x00000000000002fc       0x27 common/libcommon.a(cmd_mem.o)
 .ARM.attributes
                0x0000000000000323       0x27 common/libcommon.a(cmd_misc.o)
 .ARM.attributes
                0x000000000000034a       0x27 common/libcommon.a(cmd_net.o)
 .ARM.attributes
                0x0000000000000371       0x27 common/libcommon.a(cmd_nvedit.o)
 .ARM.attributes
                0x0000000000000398       0x27 common/libcommon.a(cmd_source.o)
 .ARM.attributes
                0x00000000000003bf       0x27 common/libcommon.a(cmd_ximg.o)
 .ARM.attributes
                0x00000000000003e6       0x27 common/libcommon.a(command.o)
 .ARM.attributes
                0x000000000000040d       0x27 common/libcommon.a(console.o)
 .ARM.attributes
                0x0000000000000434       0x27 common/libcommon.a(dlmalloc.o)
 .ARM.attributes
                0x000000000000045b       0x27 common/libcommon.a(env_common.o)
 .ARM.attributes
                0x0000000000000482       0x27 common/libcommon.a(env_flash.o)
 .ARM.attributes
                0x00000000000004a9       0x27 common/libcommon.a(exports.o)
 .ARM.attributes
                0x00000000000004d0       0x27 common/libcommon.a(flash.o)
 .ARM.attributes
                0x00000000000004f7       0x27 common/libcommon.a(image.o)
 .ARM.attributes
                0x000000000000051e       0x27 common/libcommon.a(main.o)
 .ARM.attributes
                0x0000000000000545       0x27 common/libcommon.a(s_record.o)
 .ARM.attributes
                0x000000000000056c       0x27 common/libcommon.a(stdio.o)
 .ARM.attributes
                0x0000000000000593       0x27 common/libcommon.a(xyzModem.o)
 .ARM.attributes
                0x00000000000005ba       0x27 board/samsung/DIY2440/libDIY2440.a(DIY2440.o)
 .ARM.attributes
                0x00000000000005e1       0x27 board/samsung/DIY2440/libDIY2440.a(flash.o)
 .ARM.attributes
                0x0000000000000608       0x17 board/samsung/DIY2440/libDIY2440.a(lowlevel_init.o)
 .ARM.attributes
                0x000000000000061f       0x27 lib_generic/libgeneric.a(crc16.o)
 .ARM.attributes
                0x0000000000000646       0x27 lib_generic/libgeneric.a(crc32.o)
 .ARM.attributes
                0x000000000000066d       0x27 lib_generic/libgeneric.a(display_options.o)
 .ARM.attributes
                0x0000000000000694       0x27 lib_generic/libgeneric.a(gunzip.o)
 .ARM.attributes
                0x00000000000006bb       0x27 lib_generic/libgeneric.a(lmb.o)
 .ARM.attributes
                0x00000000000006e2       0x27 lib_generic/libgeneric.a(string.o)
 .ARM.attributes
                0x0000000000000709       0x27 lib_generic/libgeneric.a(vsprintf.o)
 .ARM.attributes
                0x0000000000000730       0x27 lib_generic/libgeneric.a(zlib.o)
 .ARM.attributes
                0x0000000000000757       0x25 lib_generic/libgeneric.a(ctype.o)
 .ARM.attributes
                0x000000000000077c       0x27 cpu/arm920t/s3c24x0/libs3c24x0.a(speed.o)
 .ARM.attributes
                0x00000000000007a3       0x27 cpu/arm920t/s3c24x0/libs3c24x0.a(timer.o)
 .ARM.attributes
                0x00000000000007ca       0x27 lib_arm/libarm.a(bootm.o)
 .ARM.attributes
                0x00000000000007f1       0x27 lib_arm/libarm.a(cache.o)
 .ARM.attributes
                0x0000000000000818       0x27 lib_arm/libarm.a(cache-cp15.o)
 .ARM.attributes
                0x000000000000083f       0x27 lib_arm/libarm.a(reset.o)
 .ARM.attributes
                0x0000000000000866       0x27 drivers/net/libnet.a(cs8900.o)
 .ARM.attributes
                0x000000000000088d       0x27 drivers/rtc/librtc.a(date.o)
 .ARM.attributes
                0x00000000000008b4       0x27 drivers/rtc/librtc.a(s3c24x0_rtc.o)
 .ARM.attributes
                0x00000000000008db       0x27 cpu/arm920t/libarm920t.a(cpu.o)
 .ARM.attributes
                0x0000000000000902       0x27 /home/shift/U-boot/u-boot-2009.11/BUILD_DIR/lib_arm/eabi_compat.o
 .ARM.attributes
                0x0000000000000929       0x18 /home/shift/work/toolchain/arm-unknown-linux-gnueabi/lib/gcc/arm-unknown-linux-gnueabi/4.3.2/libgcc.a(_udivsi3.o)
 .ARM.attributes
                0x0000000000000941       0x18 /home/shift/work/toolchain/arm-unknown-linux-gnueabi/lib/gcc/arm-unknown-linux-gnueabi/4.3.2/libgcc.a(_divsi3.o)
 .ARM.attributes
                0x0000000000000959       0x18 /home/shift/work/toolchain/arm-unknown-linux-gnueabi/lib/gcc/arm-unknown-linux-gnueabi/4.3.2/libgcc.a(_dvmd_lnx.o)

.debug_line     0x0000000000000000     0x6c54
 .debug_line    0x0000000000000000       0x9a cpu/arm920t/start.o
 .debug_line    0x000000000000009a      0x18e lib_arm/libarm.a(board.o)
 .debug_line    0x0000000000000228       0xe4 lib_arm/libarm.a(interrupts.o)
 .debug_line    0x000000000000030c      0x21e net/libnet.a(eth.o)
 .debug_line    0x000000000000052a      0x57a net/libnet.a(net.o)
 .debug_line    0x0000000000000aa4      0x386 net/libnet.a(nfs.o)
 .debug_line    0x0000000000000e2a       0xf1 net/libnet.a(rarp.o)
 .debug_line    0x0000000000000f1b      0x282 net/libnet.a(tftp.o)
 .debug_line    0x000000000000119d      0x2d1 net/libnet.a(bootp.o)
 .debug_line    0x000000000000146e      0x1a5 drivers/serial/libserial.a(serial_s3c24x0.o)
 .debug_line    0x0000000000001613      0x11d common/libcommon.a(cmd_bdinfo.o)
 .debug_line    0x0000000000001730       0xbb common/libcommon.a(cmd_boot.o)
 .debug_line    0x00000000000017eb      0x3e8 common/libcommon.a(cmd_bootm.o)
 .debug_line    0x0000000000001bd3       0x92 common/libcommon.a(cmd_cache.o)
 .debug_line    0x0000000000001c65       0xdd common/libcommon.a(cmd_console.o)
 .debug_line    0x0000000000001d42      0x1c8 common/libcommon.a(cmd_date.o)
 .debug_line    0x0000000000001f0a      0x1ba common/libcommon.a(cmd_elf.o)
 .debug_line    0x00000000000020c4      0x225 common/libcommon.a(cmd_flash.o)
 .debug_line    0x00000000000022e9      0x104 common/libcommon.a(cmd_itest.o)
 .debug_line    0x00000000000023ed      0x450 common/libcommon.a(cmd_load.o)
 .debug_line    0x000000000000283d      0x23f common/libcommon.a(cmd_mem.o)
 .debug_line    0x0000000000002a7c       0xba common/libcommon.a(cmd_misc.o)
 .debug_line    0x0000000000002b36      0x126 common/libcommon.a(cmd_net.o)
 .debug_line    0x0000000000002c5c      0x287 common/libcommon.a(cmd_nvedit.o)
 .debug_line    0x0000000000002ee3      0x1a0 common/libcommon.a(cmd_source.o)
 .debug_line    0x0000000000003083      0x190 common/libcommon.a(cmd_ximg.o)
 .debug_line    0x0000000000003213      0x100 common/libcommon.a(command.o)
 .debug_line    0x0000000000003313      0x2a7 common/libcommon.a(console.o)
 .debug_line    0x00000000000035ba      0x3ee common/libcommon.a(dlmalloc.o)
 .debug_line    0x00000000000039a8      0x168 common/libcommon.a(env_common.o)
 .debug_line    0x0000000000003b10      0x155 common/libcommon.a(env_flash.o)
 .debug_line    0x0000000000003c65      0x129 common/libcommon.a(exports.o)
 .debug_line    0x0000000000003d8e      0x14f common/libcommon.a(flash.o)
 .debug_line    0x0000000000003edd      0x3a4 common/libcommon.a(image.o)
 .debug_line    0x0000000000004281      0x1e2 common/libcommon.a(main.o)
 .debug_line    0x0000000000004463       0xdc common/libcommon.a(s_record.o)
 .debug_line    0x000000000000453f      0x18c common/libcommon.a(stdio.o)
 .debug_line    0x00000000000046cb      0x249 common/libcommon.a(xyzModem.o)
 .debug_line    0x0000000000004914      0x152 board/samsung/DIY2440/libDIY2440.a(DIY2440.o)
 .debug_line    0x0000000000004a66      0x1de board/samsung/DIY2440/libDIY2440.a(flash.o)
 .debug_line    0x0000000000004c44       0x49 board/samsung/DIY2440/libDIY2440.a(lowlevel_init.o)
 .debug_line    0x0000000000004c8d       0xc1 lib_generic/libgeneric.a(crc16.o)
 .debug_line    0x0000000000004d4e      0x10c lib_generic/libgeneric.a(crc32.o)
 .debug_line    0x0000000000004e5a      0x127 lib_generic/libgeneric.a(display_options.o)
 .debug_line    0x0000000000004f81       0xca lib_generic/libgeneric.a(gunzip.o)
 .debug_line    0x000000000000504b      0x236 lib_generic/libgeneric.a(lmb.o)
 .debug_line    0x0000000000005281      0x21e lib_generic/libgeneric.a(string.o)
 .debug_line    0x000000000000549f      0x3b8 lib_generic/libgeneric.a(vsprintf.o)
 .debug_line    0x0000000000005857      0x5dd lib_generic/libgeneric.a(zlib.o)
 .debug_line    0x0000000000005e34       0x28 lib_generic/libgeneric.a(ctype.o)
 .debug_line    0x0000000000005e5c       0xd9 cpu/arm920t/s3c24x0/libs3c24x0.a(speed.o)
 .debug_line    0x0000000000005f35      0x1c4 cpu/arm920t/s3c24x0/libs3c24x0.a(timer.o)
 .debug_line    0x00000000000060f9      0x12e lib_arm/libarm.a(bootm.o)
 .debug_line    0x0000000000006227       0x38 lib_arm/libarm.a(cache.o)
 .debug_line    0x000000000000625f      0x145 lib_arm/libarm.a(cache-cp15.o)
 .debug_line    0x00000000000063a4       0x75 lib_arm/libarm.a(reset.o)
 .debug_line    0x0000000000006419      0x374 drivers/net/libnet.a(cs8900.o)
 .debug_line    0x000000000000678d       0xb6 drivers/rtc/librtc.a(date.o)
 .debug_line    0x0000000000006843      0x1a2 drivers/rtc/librtc.a(s3c24x0_rtc.o)
 .debug_line    0x00000000000069e5       0x3e cpu/arm920t/libarm920t.a(cpu.o)
 .debug_line    0x0000000000006a23       0x3f /home/shift/U-boot/u-boot-2009.11/BUILD_DIR/lib_arm/eabi_compat.o
 .debug_line    0x0000000000006a62       0xae /home/shift/work/toolchain/arm-unknown-linux-gnueabi/lib/gcc/arm-unknown-linux-gnueabi/4.3.2/libgcc.a(_udivsi3.o)
 .debug_line    0x0000000000006b10       0xba /home/shift/work/toolchain/arm-unknown-linux-gnueabi/lib/gcc/arm-unknown-linux-gnueabi/4.3.2/libgcc.a(_divsi3.o)
 .debug_line    0x0000000000006bca       0x8a /home/shift/work/toolchain/arm-unknown-linux-gnueabi/lib/gcc/arm-unknown-linux-gnueabi/4.3.2/libgcc.a(_dvmd_lnx.o)

.debug_info     0x0000000000000000    0x17fb6
 .debug_info    0x0000000000000000       0x5e cpu/arm920t/start.o
 .debug_info    0x000000000000005e      0x466 lib_arm/libarm.a(board.o)
 .debug_info    0x00000000000004c4      0x261 lib_arm/libarm.a(interrupts.o)
 .debug_info    0x0000000000000725      0x87e net/libnet.a(eth.o)
 .debug_info    0x0000000000000fa3     0x15bb net/libnet.a(net.o)
 .debug_info    0x000000000000255e      0xb78 net/libnet.a(nfs.o)
 .debug_info    0x00000000000030d6      0x255 net/libnet.a(rarp.o)
 .debug_info    0x000000000000332b      0x4c2 net/libnet.a(tftp.o)
 .debug_info    0x00000000000037ed      0xa54 net/libnet.a(bootp.o)
 .debug_info    0x0000000000004241      0x625 drivers/serial/libserial.a(serial_s3c24x0.o)
 .debug_info    0x0000000000004866      0x464 common/libcommon.a(cmd_bdinfo.o)
 .debug_info    0x0000000000004cca      0x23a common/libcommon.a(cmd_boot.o)
 .debug_info    0x0000000000004f04     0x15c8 common/libcommon.a(cmd_bootm.o)
 .debug_info    0x00000000000064cc      0x22c common/libcommon.a(cmd_cache.o)
 .debug_info    0x00000000000066f8      0x35b common/libcommon.a(cmd_console.o)
 .debug_info    0x0000000000006a53      0x5f7 common/libcommon.a(cmd_date.o)
 .debug_info    0x000000000000704a      0x6a6 common/libcommon.a(cmd_elf.o)
 .debug_info    0x00000000000076f0      0x840 common/libcommon.a(cmd_flash.o)
 .debug_info    0x0000000000007f30      0x46d common/libcommon.a(cmd_itest.o)
 .debug_info    0x000000000000839d      0xe33 common/libcommon.a(cmd_load.o)
 .debug_info    0x00000000000091d0      0xa14 common/libcommon.a(cmd_mem.o)
 .debug_info    0x0000000000009be4      0x1b0 common/libcommon.a(cmd_misc.o)
 .debug_info    0x0000000000009d94      0x504 common/libcommon.a(cmd_net.o)
 .debug_info    0x000000000000a298      0x928 common/libcommon.a(cmd_nvedit.o)
 .debug_info    0x000000000000abc0      0x4b7 common/libcommon.a(cmd_source.o)
 .debug_info    0x000000000000b077      0x440 common/libcommon.a(cmd_ximg.o)
 .debug_info    0x000000000000b4b7      0x54c common/libcommon.a(command.o)
 .debug_info    0x000000000000ba03      0xa5b common/libcommon.a(console.o)
 .debug_info    0x000000000000c45e      0xd63 common/libcommon.a(dlmalloc.o)
 .debug_info    0x000000000000d1c1      0x3b0 common/libcommon.a(env_common.o)
 .debug_info    0x000000000000d571      0x365 common/libcommon.a(env_flash.o)
 .debug_info    0x000000000000d8d6      0x2dd common/libcommon.a(exports.o)
 .debug_info    0x000000000000dbb3      0x376 common/libcommon.a(flash.o)
 .debug_info    0x000000000000df29     0x1717 common/libcommon.a(image.o)
 .debug_info    0x000000000000f640      0x6ad common/libcommon.a(main.o)
 .debug_info    0x000000000000fced      0x1aa common/libcommon.a(s_record.o)
 .debug_info    0x000000000000fe97      0x585 common/libcommon.a(stdio.o)
 .debug_info    0x000000000001041c      0x8f8 common/libcommon.a(xyzModem.o)
 .debug_info    0x0000000000010d14      0x62f board/samsung/DIY2440/libDIY2440.a(DIY2440.o)
 .debug_info    0x0000000000011343      0x411 board/samsung/DIY2440/libDIY2440.a(flash.o)
 .debug_info    0x0000000000011754       0x70 board/samsung/DIY2440/libDIY2440.a(lowlevel_init.o)
 .debug_info    0x00000000000117c4      0x10a lib_generic/libgeneric.a(crc16.o)